🚦 RateLimiter initialized: 0.5 calls/sec (2000ms delay)
   Global caps: 1600 calls, 90 min runtime

🏒 ========================================
🏒 NHL PLAYER STATS BOOTSTRAP
🏒 ========================================

Season: 20252026
Output: /Users/brentgoldman/Desktop/REPO33/RRMODEL/data/nhl/player_stats_20252026.json
Min players required: 300
Rate limit: 0.5 calls/sec (1 call every 2 seconds)

📋 Step 1: Fetching all team rosters...

Fetching rosters for 32 teams...
[1/32] Fetching ANA roster...
   Found 22 skaters
[2/32] Fetching BOS roster...
   Found 23 skaters
[3/32] Fetching BUF roster...
   Found 25 skaters
[4/32] Fetching CAR roster...
   Found 23 skaters
[5/32] Fetching CBJ roster...
   Found 22 skaters
[6/32] Fetching CGY roster...
   Found 22 skaters
[7/32] Fetching CHI roster...
   Found 21 skaters
[8/32] Fetching COL roster...
   Found 22 skaters
[9/32] Fetching DAL roster...
   Found 23 skaters
[10/32] Fetching DET roster...
   Found 21 skaters
[11/32] Fetching EDM roster...
   Found 24 skaters
[12/32] Fetching FLA roster...
   Found 24 skaters
[13/32] Fetching LAK roster...
   Found 21 skaters
[14/32] Fetching MIN roster...
   Found 23 skaters
[15/32] Fetching MTL roster...
   Found 20 skaters
[16/32] Fetching NJD roster...
   Found 24 skaters
[17/32] Fetching NSH roster...
   Found 22 skaters
[18/32] Fetching NYI roster...
   Found 22 skaters
[19/32] Fetching NYR roster...
   Found 22 skaters
[20/32] Fetching OTT roster...
   Found 22 skaters
[21/32] Fetching PHI roster...
   Found 21 skaters
[22/32] Fetching PIT roster...
   Found 26 skaters
[23/32] Fetching SEA roster...
   Found 23 skaters
[24/32] Fetching SJS roster...
   Found 22 skaters
[25/32] Fetching STL roster...
   Found 22 skaters
[26/32] Fetching TBL roster...
   Found 24 skaters
[27/32] Fetching TOR roster...
   Found 22 skaters
[28/32] Fetching UTA roster...
   Found 22 skaters
[29/32] Fetching VAN roster...
   Found 26 skaters
[30/32] Fetching VGK roster...
   Found 22 skaters
[31/32] Fetching WPG roster...
   Found 24 skaters
[32/32] Fetching WSH roster...
   Found 22 skaters

✅ Found 724 players across 32 teams

📊 Step 2: Fetching player details...

Fetching details for 724 players...
[1/724] Fetching player details...
[50/724] Fetching player details...
[100/724] Fetching player details...
[150/724] Fetching player details...
[200/724] Fetching player details...
[250/724] Fetching player details...
[300/724] Fetching player details...
[350/724] Fetching player details...
[400/724] Fetching player details...
[450/724] Fetching player details...
[500/724] Fetching player details...
[550/724] Fetching player details...
[600/724] Fetching player details...
[650/724] Fetching player details...
[700/724] Fetching player details...

Player details: 724 succeeded, 0 failed

🎮 Step 3: Fetching player game logs...

Fetching game logs for 724 players...
[1/724] Fetching game logs...
[50/724] Fetching game logs...
[100/724] Fetching game logs...
[150/724] Fetching game logs...
[200/724] Fetching game logs...
[250/724] Fetching game logs...
[300/724] Fetching game logs...
[350/724] Fetching game logs...
[450/724] Fetching game logs...
[500/724] Fetching game logs...
[550/724] Fetching game logs...
[600/724] Fetching game logs...
[650/724] Fetching game logs...
[700/724] Fetching game logs...

Game logs: 720 succeeded, 0 failed

🧮 Step 4: Computing statistics...

Computing L5/L10 for 724 players...
✅ Statistics computed
📦 Step 5: Building output...

Validating output...
⚠️  Warning: Max staleness is 35.8 days.
   This is older than expected. Data may be out of date.
✅ Validation passed
   Players: 720 (min: 300)
   Teams: 32 (min: 30)
   Staleness: 35.8 days
💾 Step 6: Writing to file...

✅ File written: /Users/brentgoldman/Desktop/REPO33/RRMODEL/data/nhl/player_stats_20252026.json
   Size: 2.05 MB

✅ ========================================
✅ BOOTSTRAP COMPLETE
✅ ========================================

Players: 720
Teams: 32
Elapsed time: 49.3 minutes
Output file: /Users/brentgoldman/Desktop/REPO33/RRMODEL/data/nhl/player_stats_20252026.json


📊 Rate Limiter Report:
   Total calls: 1476 / 1600
   Elapsed time: 49.30 min / 90 min
   Target rate: 0.5 calls/sec
   Actual rate: 0.50 calls/sec
   Remaining capacity: 124 calls, 40.7 min

🎯 Next steps:
   1. Run: node scripts/nhl/bootstrap-team-stats.mjs
   2. Test: node scripts/nhl/run-sog-tonight.mjs
   3. Deploy to Netlify Blobs if tests pass

