[collect-historical-game-totals] NBA Historical Game Totals Collector

✅ API key valid (4720798 requests remaining)
📊 Estimated requests: ~0 (null dates × ~12 games × 3 markets)
📊 Estimated time: ~0 minutes with rate limiting
📅 Generated 399 dates from 2024-10-20 to 2025-11-23

📋 Target dates: 399

[1/399] 2024-10-20

📅 Processing 2024-10-20...
  1/2 Fetching events...
  ✅ Found 52 events
  2/2 Fetching odds (52 events × 3 markets)...
  ✅ Saved 52 games (156 API requests)
  ⏳ Waiting 2 seconds...

[2/399] 2024-10-21

📅 Processing 2024-10-21...
  1/2 Fetching events...
  ✅ Found 52 events
  2/2 Fetching odds (52 events × 3 markets)...
  ✅ Saved 52 games (156 API requests)
  ⏳ Waiting 2 seconds...

[3/399] 2024-10-22
  ℹ️  2024-10-22: Already exists (skipping)
  ⏳ Waiting 2 seconds...

[4/399] 2024-10-23

📅 Processing 2024-10-23...
  1/2 Fetching events...
  ✅ Found 50 events
  2/2 Fetching odds (50 events × 3 markets)...
  ✅ Saved 50 games (150 API requests)
  ⏳ Waiting 2 seconds...

[5/399] 2024-10-24

📅 Processing 2024-10-24...
  1/2 Fetching events...
  ✅ Found 25 events
  2/2 Fetching odds (25 events × 3 markets)...
  ✅ Saved 25 games (75 API requests)
  ⏳ Waiting 2 seconds...

[6/399] 2024-10-25

📅 Processing 2024-10-25...
  1/2 Fetching events...
  ✅ Found 23 events
  2/2 Fetching odds (23 events × 3 markets)...
  ✅ Saved 23 games (69 API requests)
  ⏳ Waiting 2 seconds...

[7/399] 2024-10-26

📅 Processing 2024-10-26...
  1/2 Fetching events...
  ✅ Found 23 events
  2/2 Fetching odds (23 events × 3 markets)...
  ✅ Saved 23 games (69 API requests)
  ⏳ Waiting 2 seconds...

[8/399] 2024-10-27

📅 Processing 2024-10-27...
  1/2 Fetching events...
  ✅ Found 18 events
  2/2 Fetching odds (18 events × 3 markets)...
  ✅ Saved 18 games (54 API requests)
  ⏳ Waiting 2 seconds...

[9/399] 2024-10-28

📅 Processing 2024-10-28...
  1/2 Fetching events...
  ✅ Found 24 events
  2/2 Fetching odds (24 events × 3 markets)...
  ✅ Saved 24 games (72 API requests)
  ⏳ Waiting 2 seconds...

[10/399] 2024-10-29
  ℹ️  2024-10-29: Already exists (skipping)
  ⏳ Waiting 2 seconds...

[11/399] 2024-10-30

📅 Processing 2024-10-30...
  1/2 Fetching events...
  ✅ Found 24 events
  2/2 Fetching odds (24 events × 3 markets)...
  ✅ Saved 24 games (72 API requests)
  ⏳ Waiting 2 seconds...

[12/399] 2024-10-31

📅 Processing 2024-10-31...
  1/2 Fetching events...
  ✅ Found 17 events
  2/2 Fetching odds (17 events × 3 markets)...
  ✅ Saved 17 games (51 API requests)
  ⏳ Waiting 2 seconds...

[13/399] 2024-11-01

📅 Processing 2024-11-01...
  1/2 Fetching events...
  ✅ Found 22 events
  2/2 Fetching odds (22 events × 3 markets)...
  ✅ Saved 22 games (66 API requests)
  ⏳ Waiting 2 seconds...

[14/399] 2024-11-02

📅 Processing 2024-11-02...
  1/2 Fetching events...
  ✅ Found 23 events
  2/2 Fetching odds (23 events × 3 markets)...
  ✅ Saved 23 games (69 API requests)
  ⏳ Waiting 2 seconds...

[15/399] 2024-11-03

📅 Processing 2024-11-03...
  1/2 Fetching events...
  ✅ Found 16 events
  2/2 Fetching odds (16 events × 3 markets)...
  ✅ Saved 16 games (48 API requests)
  ⏳ Waiting 2 seconds...

[16/399] 2024-11-04

📅 Processing 2024-11-04...
  1/2 Fetching events...
  ✅ Found 28 events
  2/2 Fetching odds (28 events × 3 markets)...
  ✅ Saved 28 games (84 API requests)
  ⏳ Waiting 2 seconds...

[17/399] 2024-11-05

📅 Processing 2024-11-05...
  1/2 Fetching events...
  ✅ Found 27 events
  2/2 Fetching odds (27 events × 3 markets)...
  ✅ Saved 27 games (81 API requests)
  ⏳ Waiting 2 seconds...

[18/399] 2024-11-06

📅 Processing 2024-11-06...
  1/2 Fetching events...
  ✅ Found 27 events
  2/2 Fetching odds (27 events × 3 markets)...
  ✅ Saved 27 games (81 API requests)
  ⏳ Waiting 2 seconds...

[19/399] 2024-11-07

📅 Processing 2024-11-07...
  1/2 Fetching events...
  ✅ Found 15 events
  2/2 Fetching odds (15 events × 3 markets)...
  ✅ Saved 15 games (45 API requests)
  ⏳ Waiting 2 seconds...

[20/399] 2024-11-08

📅 Processing 2024-11-08...
  1/2 Fetching events...
  ✅ Found 25 events
  2/2 Fetching odds (25 events × 3 markets)...
  ✅ Saved 25 games (75 API requests)
  ⏳ Waiting 2 seconds...

[21/399] 2024-11-09

📅 Processing 2024-11-09...
  1/2 Fetching events...
  ✅ Found 12 events
  2/2 Fetching odds (12 events × 3 markets)...
  ✅ Saved 12 games (36 API requests)
  ⏳ Waiting 2 seconds...

[22/399] 2024-11-10

📅 Processing 2024-11-10...
  1/2 Fetching events...
  ✅ Found 16 events
  2/2 Fetching odds (16 events × 3 markets)...
  ✅ Saved 16 games (48 API requests)
  ⏳ Waiting 2 seconds...

[23/399] 2024-11-11

📅 Processing 2024-11-11...
  1/2 Fetching events...
  ✅ Found 19 events
  2/2 Fetching odds (19 events × 3 markets)...
  ✅ Saved 19 games (57 API requests)
  ⏳ Waiting 2 seconds...

[24/399] 2024-11-12

📅 Processing 2024-11-12...
  1/2 Fetching events...
  ✅ Found 13 events
  2/2 Fetching odds (13 events × 3 markets)...
  ✅ Saved 13 games (39 API requests)
  ⏳ Waiting 2 seconds...

[25/399] 2024-11-13

📅 Processing 2024-11-13...
  1/2 Fetching events...
  ✅ Found 16 events
  2/2 Fetching odds (16 events × 3 markets)...
  ✅ Saved 16 games (48 API requests)
  ⏳ Waiting 2 seconds...

[26/399] 2024-11-14

📅 Processing 2024-11-14...
  1/2 Fetching events...
  ✅ Found 18 events
  2/2 Fetching odds (18 events × 3 markets)...
  ✅ Saved 18 games (54 API requests)
  ⏳ Waiting 2 seconds...

[27/399] 2024-11-15

📅 Processing 2024-11-15...
  1/2 Fetching events...
  ✅ Found 17 events
  2/2 Fetching odds (17 events × 3 markets)...
  ✅ Saved 17 games (51 API requests)
  ⏳ Waiting 2 seconds...

[28/399] 2024-11-16

📅 Processing 2024-11-16...
  1/2 Fetching events...
  ✅ Found 10 events
  2/2 Fetching odds (10 events × 3 markets)...
  ✅ Saved 10 games (30 API requests)
  ⏳ Waiting 2 seconds...

[29/399] 2024-11-17

📅 Processing 2024-11-17...
  1/2 Fetching events...
  ✅ Found 15 events
  2/2 Fetching odds (15 events × 3 markets)...
  ✅ Saved 15 games (45 API requests)
  ⏳ Waiting 2 seconds...

[30/399] 2024-11-18

📅 Processing 2024-11-18...
  1/2 Fetching events...
  ✅ Found 19 events
  2/2 Fetching odds (19 events × 3 markets)...
  ✅ Saved 19 games (57 API requests)
  ⏳ Waiting 2 seconds...

[31/399] 2024-11-19

📅 Processing 2024-11-19...
  1/2 Fetching events...
  ✅ Found 11 events
  2/2 Fetching odds (11 events × 3 markets)...
  ✅ Saved 11 games (33 API requests)
  ⏳ Waiting 2 seconds...

[32/399] 2024-11-20

📅 Processing 2024-11-20...
  1/2 Fetching events...
  ✅ Found 19 events
  2/2 Fetching odds (19 events × 3 markets)...
  ✅ Saved 19 games (57 API requests)
  ⏳ Waiting 2 seconds...

[33/399] 2024-11-21

📅 Processing 2024-11-21...
  1/2 Fetching events...
  ✅ Found 15 events
  2/2 Fetching odds (15 events × 3 markets)...
  ✅ Saved 15 games (45 API requests)
  ⏳ Waiting 2 seconds...

[34/399] 2024-11-22

📅 Processing 2024-11-22...
  1/2 Fetching events...
  ✅ Found 13 events
  2/2 Fetching odds (13 events × 3 markets)...
  ✅ Saved 13 games (39 API requests)
  ⏳ Waiting 2 seconds...

[35/399] 2024-11-23

📅 Processing 2024-11-23...
  1/2 Fetching events...
  ✅ Found 17 events
  2/2 Fetching odds (17 events × 3 markets)...
  ✅ Saved 17 games (51 API requests)
  ⏳ Waiting 2 seconds...

[36/399] 2024-11-24

📅 Processing 2024-11-24...
  1/2 Fetching events...
  ✅ Found 16 events
  2/2 Fetching odds (16 events × 3 markets)...
  ✅ Saved 16 games (48 API requests)
  ⏳ Waiting 2 seconds...

[37/399] 2024-11-25

📅 Processing 2024-11-25...
  1/2 Fetching events...
  ✅ Found 19 events
  2/2 Fetching odds (19 events × 3 markets)...
  ✅ Saved 19 games (57 API requests)
  ⏳ Waiting 2 seconds...

[38/399] 2024-11-26

📅 Processing 2024-11-26...
  1/2 Fetching events...
  ✅ Found 10 events
  2/2 Fetching odds (10 events × 3 markets)...
  ✅ Saved 10 games (30 API requests)
  ⏳ Waiting 2 seconds...

[39/399] 2024-11-27

📅 Processing 2024-11-27...
  1/2 Fetching events...
  ✅ Found 19 events
  2/2 Fetching odds (19 events × 3 markets)...
  ✅ Saved 19 games (57 API requests)
  ⏳ Waiting 2 seconds...

[40/399] 2024-11-28

📅 Processing 2024-11-28...
  1/2 Fetching events...
  ✅ Found 15 events
  2/2 Fetching odds (15 events × 3 markets)...
  ✅ Saved 15 games (45 API requests)
  ⏳ Waiting 2 seconds...

[41/399] 2024-11-29

📅 Processing 2024-11-29...
  1/2 Fetching events...
  ✅ Found 15 events
  2/2 Fetching odds (15 events × 3 markets)...
  ✅ Saved 15 games (45 API requests)
  ⏳ Waiting 2 seconds...

[42/399] 2024-11-30

📅 Processing 2024-11-30...
  1/2 Fetching events...
  ✅ Found 10 events
  2/2 Fetching odds (10 events × 3 markets)...
  ✅ Saved 10 games (30 API requests)
  ⏳ Waiting 2 seconds...

[43/399] 2024-12-01

📅 Processing 2024-12-01...
  1/2 Fetching events...
  ✅ Found 26 events
  2/2 Fetching odds (26 events × 3 markets)...
  ✅ Saved 26 games (78 API requests)
  ⏳ Waiting 2 seconds...

[44/399] 2024-12-02

📅 Processing 2024-12-02...
  1/2 Fetching events...
  ✅ Found 20 events
  2/2 Fetching odds (20 events × 3 markets)...
  ✅ Saved 20 games (60 API requests)
  ⏳ Waiting 2 seconds...

[45/399] 2024-12-03

📅 Processing 2024-12-03...
  1/2 Fetching events...
  ✅ Found 16 events
  2/2 Fetching odds (16 events × 3 markets)...
  ✅ Saved 16 games (48 API requests)
  ⏳ Waiting 2 seconds...

[46/399] 2024-12-04

📅 Processing 2024-12-04...
  1/2 Fetching events...
  ✅ Found 15 events
  2/2 Fetching odds (15 events × 3 markets)...
  ✅ Saved 15 games (45 API requests)
  ⏳ Waiting 2 seconds...

[47/399] 2024-12-05

📅 Processing 2024-12-05...
  1/2 Fetching events...
  ✅ Found 17 events
  2/2 Fetching odds (17 events × 3 markets)...
  ✅ Saved 17 games (51 API requests)
  ⏳ Waiting 2 seconds...

[48/399] 2024-12-06

📅 Processing 2024-12-06...
  1/2 Fetching events...
  ✅ Found 16 events
  2/2 Fetching odds (16 events × 3 markets)...
  ✅ Saved 16 games (48 API requests)
  ⏳ Waiting 2 seconds...

[49/399] 2024-12-07

📅 Processing 2024-12-07...
  1/2 Fetching events...
  ✅ Found 16 events
  2/2 Fetching odds (16 events × 3 markets)...
  ✅ Saved 16 games (48 API requests)
  ⏳ Waiting 2 seconds...

[50/399] 2024-12-08

📅 Processing 2024-12-08...
  1/2 Fetching events...
  ✅ Found 21 events
  2/2 Fetching odds (21 events × 3 markets)...
  ✅ Saved 21 games (63 API requests)
  ⏳ Waiting 2 seconds...

[51/399] 2024-12-09

📅 Processing 2024-12-09...
  1/2 Fetching events...
  ✅ Found 10 events
  2/2 Fetching odds (10 events × 3 markets)...
  ✅ Saved 10 games (30 API requests)
  ⏳ Waiting 2 seconds...

[52/399] 2024-12-10

📅 Processing 2024-12-10...
  1/2 Fetching events...
  ✅ Found 12 events
  2/2 Fetching odds (12 events × 3 markets)...
  ✅ Saved 12 games (36 API requests)
  ⏳ Waiting 2 seconds...

[53/399] 2024-12-11

📅 Processing 2024-12-11...
  1/2 Fetching events...
  ✅ Found 10 events
  2/2 Fetching odds (10 events × 3 markets)...
  ✅ Saved 10 games (30 API requests)
  ⏳ Waiting 2 seconds...

[54/399] 2024-12-12

📅 Processing 2024-12-12...
  1/2 Fetching events...
  ✅ Found 18 events
  2/2 Fetching odds (18 events × 3 markets)...
  ✅ Saved 18 games (54 API requests)
  ⏳ Waiting 2 seconds...

[55/399] 2024-12-13

📅 Processing 2024-12-13...
  1/2 Fetching events...
  ✅ Found 15 events
  2/2 Fetching odds (15 events × 3 markets)...
  ✅ Saved 15 games (45 API requests)
  ⏳ Waiting 2 seconds...

[56/399] 2024-12-14

📅 Processing 2024-12-14...
  1/2 Fetching events...
  ✅ Found 13 events
  2/2 Fetching odds (13 events × 3 markets)...
  ✅ Saved 13 games (39 API requests)
  ⏳ Waiting 2 seconds...

[57/399] 2024-12-15

📅 Processing 2024-12-15...
  1/2 Fetching events...
  ✅ Found 12 events
  2/2 Fetching odds (12 events × 3 markets)...
  ✅ Saved 12 games (36 API requests)
  ⏳ Waiting 2 seconds...

[58/399] 2024-12-16

📅 Processing 2024-12-16...
  1/2 Fetching events...
  ✅ Found 11 events
  2/2 Fetching odds (11 events × 3 markets)...
  ✅ Saved 11 games (33 API requests)
  ⏳ Waiting 2 seconds...

[59/399] 2024-12-17

📅 Processing 2024-12-17...
  1/2 Fetching events...
  ✅ Found 18 events
  2/2 Fetching odds (18 events × 3 markets)...
  ✅ Saved 18 games (54 API requests)
  ⏳ Waiting 2 seconds...

[60/399] 2024-12-18

📅 Processing 2024-12-18...
  1/2 Fetching events...
  ✅ Found 17 events
  2/2 Fetching odds (17 events × 3 markets)...
  ✅ Saved 17 games (51 API requests)
  ⏳ Waiting 2 seconds...

[61/399] 2024-12-19

📅 Processing 2024-12-19...
  1/2 Fetching events...
  ✅ Found 17 events
  2/2 Fetching odds (17 events × 3 markets)...
  ✅ Saved 17 games (51 API requests)
  ⏳ Waiting 2 seconds...

[62/399] 2024-12-20

📅 Processing 2024-12-20...
  1/2 Fetching events...
  ✅ Found 7 events
  2/2 Fetching odds (7 events × 3 markets)...
  ✅ Saved 7 games (21 API requests)
  ⏳ Waiting 2 seconds...

[63/399] 2024-12-21

📅 Processing 2024-12-21...
  1/2 Fetching events...
  ✅ Found 16 events
  2/2 Fetching odds (16 events × 3 markets)...
  ✅ Saved 16 games (48 API requests)
  ⏳ Waiting 2 seconds...

[64/399] 2024-12-22

📅 Processing 2024-12-22...
  1/2 Fetching events...
  ✅ Found 8 events
  2/2 Fetching odds (8 events × 3 markets)...
  ✅ Saved 8 games (24 API requests)
  ⏳ Waiting 2 seconds...

[65/399] 2024-12-23

📅 Processing 2024-12-23...
  1/2 Fetching events...
  ✅ Found 19 events
  2/2 Fetching odds (19 events × 3 markets)...
  ✅ Saved 19 games (57 API requests)
  ⏳ Waiting 2 seconds...

[66/399] 2024-12-24

📅 Processing 2024-12-24...
  1/2 Fetching events...
  ✅ Found 5 events
  2/2 Fetching odds (5 events × 3 markets)...
  ✅ Saved 5 games (15 API requests)
  ⏳ Waiting 2 seconds...

[67/399] 2024-12-25

📅 Processing 2024-12-25...
  1/2 Fetching events...
  ✅ Found 14 events
  2/2 Fetching odds (14 events × 3 markets)...
  ✅ Saved 14 games (42 API requests)
  ⏳ Waiting 2 seconds...

[68/399] 2024-12-26

📅 Processing 2024-12-26...
  1/2 Fetching events...
  ✅ Found 9 events
  2/2 Fetching odds (9 events × 3 markets)...
  ✅ Saved 9 games (27 API requests)
  ⏳ Waiting 2 seconds...

[69/399] 2024-12-27

📅 Processing 2024-12-27...
  1/2 Fetching events...
  ✅ Found 8 events
  2/2 Fetching odds (8 events × 3 markets)...
  ✅ Saved 8 games (24 API requests)
  ⏳ Waiting 2 seconds...

[70/399] 2024-12-28

📅 Processing 2024-12-28...
  1/2 Fetching events...
  ✅ Found 9 events
  2/2 Fetching odds (9 events × 3 markets)...
  ✅ Saved 9 games (27 API requests)
  ⏳ Waiting 2 seconds...

[71/399] 2024-12-29

📅 Processing 2024-12-29...
  1/2 Fetching events...
  ✅ Found 6 events
  2/2 Fetching odds (6 events × 3 markets)...
  ✅ Saved 6 games (18 API requests)
  ⏳ Waiting 2 seconds...

[72/399] 2024-12-30

📅 Processing 2024-12-30...
  1/2 Fetching events...
  ✅ Found 7 events
  2/2 Fetching odds (7 events × 3 markets)...
  ✅ Saved 7 games (21 API requests)
  ⏳ Waiting 2 seconds...

[73/399] 2024-12-31

📅 Processing 2024-12-31...
  1/2 Fetching events...
  ✅ Found 6 events
  2/2 Fetching odds (6 events × 3 markets)...
  ✅ Saved 6 games (18 API requests)
  ⏳ Waiting 2 seconds...

[74/399] 2025-01-01

📅 Processing 2025-01-01...
  1/2 Fetching events...
  ✅ Found 8 events
  2/2 Fetching odds (8 events × 3 markets)...
  ✅ Saved 8 games (24 API requests)
  ⏳ Waiting 2 seconds...

[75/399] 2025-01-02

📅 Processing 2025-01-02...
  1/2 Fetching events...
  ✅ Found 6 events
  2/2 Fetching odds (6 events × 3 markets)...
  ✅ Saved 6 games (18 API requests)
  ⏳ Waiting 2 seconds...

[76/399] 2025-01-03

📅 Processing 2025-01-03...
  1/2 Fetching events...
  ✅ Found 9 events
  2/2 Fetching odds (9 events × 3 markets)...
  ✅ Saved 9 games (27 API requests)
  ⏳ Waiting 2 seconds...

[77/399] 2025-01-04

📅 Processing 2025-01-04...
  1/2 Fetching events...
  ✅ Found 9 events
  2/2 Fetching odds (9 events × 3 markets)...
  ✅ Saved 9 games (27 API requests)
  ⏳ Waiting 2 seconds...

[78/399] 2025-01-05

📅 Processing 2025-01-05...
  1/2 Fetching events...
  ✅ Found 6 events
  2/2 Fetching odds (6 events × 3 markets)...
  ✅ Saved 6 games (18 API requests)
  ⏳ Waiting 2 seconds...

[79/399] 2025-01-06

📅 Processing 2025-01-06...
  1/2 Fetching events...
  ✅ Found 9 events
  2/2 Fetching odds (9 events × 3 markets)...
  ✅ Saved 9 games (27 API requests)
  ⏳ Waiting 2 seconds...

[80/399] 2025-01-07

📅 Processing 2025-01-07...
  1/2 Fetching events...
  ✅ Found 8 events
  2/2 Fetching odds (8 events × 3 markets)...
  ✅ Saved 8 games (24 API requests)
  ⏳ Waiting 2 seconds...

[81/399] 2025-01-08

📅 Processing 2025-01-08...
  1/2 Fetching events...
  ✅ Found 8 events
  2/2 Fetching odds (8 events × 3 markets)...
  ✅ Saved 8 games (24 API requests)
  ⏳ Waiting 2 seconds...

[82/399] 2025-01-09

📅 Processing 2025-01-09...
  1/2 Fetching events...
  ✅ Found 8 events
  2/2 Fetching odds (8 events × 3 markets)...
  ✅ Saved 8 games (24 API requests)
  ⏳ Waiting 2 seconds...

[83/399] 2025-01-10

📅 Processing 2025-01-10...
  1/2 Fetching events...
  ✅ Found 7 events
  2/2 Fetching odds (7 events × 3 markets)...
  ✅ Saved 7 games (21 API requests)
  ⏳ Waiting 2 seconds...

[84/399] 2025-01-11

📅 Processing 2025-01-11...
  1/2 Fetching events...
  ✅ Found 5 events
  2/2 Fetching odds (5 events × 3 markets)...
  ✅ Saved 5 games (15 API requests)
  ⏳ Waiting 2 seconds...

[85/399] 2025-01-12

📅 Processing 2025-01-12...
  1/2 Fetching events...
  ✅ Found 9 events
  2/2 Fetching odds (9 events × 3 markets)...
  ✅ Saved 9 games (27 API requests)
  ⏳ Waiting 2 seconds...

[86/399] 2025-01-13

📅 Processing 2025-01-13...
  1/2 Fetching events...
  ✅ Found 6 events
  2/2 Fetching odds (6 events × 3 markets)...
  ✅ Saved 6 games (18 API requests)
  ⏳ Waiting 2 seconds...

[87/399] 2025-01-14

📅 Processing 2025-01-14...
  1/2 Fetching events...
  ✅ Found 7 events
  2/2 Fetching odds (7 events × 3 markets)...
  ✅ Saved 7 games (21 API requests)
  ⏳ Waiting 2 seconds...

[88/399] 2025-01-15

📅 Processing 2025-01-15...
  1/2 Fetching events...
  ✅ Found 11 events
  2/2 Fetching odds (11 events × 3 markets)...
  ✅ Saved 11 games (33 API requests)
  ⏳ Waiting 2 seconds...

[89/399] 2025-01-16

📅 Processing 2025-01-16...
  1/2 Fetching events...
  ✅ Found 5 events
  2/2 Fetching odds (5 events × 3 markets)...
  ✅ Saved 5 games (15 API requests)
  ⏳ Waiting 2 seconds...

[90/399] 2025-01-17

📅 Processing 2025-01-17...
  1/2 Fetching events...
  ✅ Found 9 events
  2/2 Fetching odds (9 events × 3 markets)...
  ✅ Saved 9 games (27 API requests)
  ⏳ Waiting 2 seconds...

[91/399] 2025-01-18

📅 Processing 2025-01-18...
  1/2 Fetching events...
  ✅ Found 6 events
  2/2 Fetching odds (6 events × 3 markets)...
  ✅ Saved 6 games (18 API requests)
  ⏳ Waiting 2 seconds...

[92/399] 2025-01-19

📅 Processing 2025-01-19...
  1/2 Fetching events...
  ✅ Found 7 events
  2/2 Fetching odds (7 events × 3 markets)...
  ✅ Saved 7 games (21 API requests)
  ⏳ Waiting 2 seconds...

[93/399] 2025-01-20

📅 Processing 2025-01-20...
  1/2 Fetching events...
  ✅ Found 8 events
  2/2 Fetching odds (8 events × 3 markets)...
  ✅ Saved 8 games (24 API requests)
  ⏳ Waiting 2 seconds...

[94/399] 2025-01-21

📅 Processing 2025-01-21...
  1/2 Fetching events...
  ✅ Found 5 events
  2/2 Fetching odds (5 events × 3 markets)...
  ✅ Saved 5 games (15 API requests)
  ⏳ Waiting 2 seconds...

[95/399] 2025-01-22

📅 Processing 2025-01-22...
  1/2 Fetching events...
  ✅ Found 10 events
  2/2 Fetching odds (10 events × 3 markets)...
  ✅ Saved 10 games (30 API requests)
  ⏳ Waiting 2 seconds...

[96/399] 2025-01-23

📅 Processing 2025-01-23...
  1/2 Fetching events...
  ✅ Found 9 events
  2/2 Fetching odds (9 events × 3 markets)...
  ✅ Saved 9 games (27 API requests)
  ⏳ Waiting 2 seconds...

[97/399] 2025-01-24

📅 Processing 2025-01-24...
  1/2 Fetching events...
  ✅ Found 4 events
  2/2 Fetching odds (4 events × 3 markets)...
  ✅ Saved 4 games (12 API requests)
  ⏳ Waiting 2 seconds...

[98/399] 2025-01-25

📅 Processing 2025-01-25...
  1/2 Fetching events...
  ✅ Found 14 events
  2/2 Fetching odds (14 events × 3 markets)...
  ✅ Saved 14 games (42 API requests)
  ⏳ Waiting 2 seconds...

[99/399] 2025-01-26

📅 Processing 2025-01-26...
  1/2 Fetching events...
  ✅ Found 5 events
  2/2 Fetching odds (5 events × 3 markets)...
  ✅ Saved 5 games (15 API requests)
  ⏳ Waiting 2 seconds...

[100/399] 2025-01-27

📅 Processing 2025-01-27...
  1/2 Fetching events...
  ✅ Found 12 events
  2/2 Fetching odds (12 events × 3 markets)...
  ✅ Saved 12 games (36 API requests)
  ⏳ Waiting 2 seconds...

[101/399] 2025-01-28

📅 Processing 2025-01-28...
  1/2 Fetching events...
  ✅ Found 4 events
  2/2 Fetching odds (4 events × 3 markets)...
  ✅ Saved 4 games (12 API requests)
  ⏳ Waiting 2 seconds...

[102/399] 2025-01-29

📅 Processing 2025-01-29...
  1/2 Fetching events...
  ✅ Found 11 events
  2/2 Fetching odds (11 events × 3 markets)...
  ✅ Saved 11 games (33 API requests)
  ⏳ Waiting 2 seconds...

[103/399] 2025-01-30

📅 Processing 2025-01-30...
  1/2 Fetching events...
  ✅ Found 5 events
  2/2 Fetching odds (5 events × 3 markets)...
  ✅ Saved 5 games (15 API requests)
  ⏳ Waiting 2 seconds...

[104/399] 2025-01-31

📅 Processing 2025-01-31...
  1/2 Fetching events...
  ✅ Found 7 events
  2/2 Fetching odds (7 events × 3 markets)...
  ✅ Saved 7 games (21 API requests)
  ⏳ Waiting 2 seconds...

[105/399] 2025-02-01

📅 Processing 2025-02-01...
  1/2 Fetching events...
  ✅ Found 9 events
  2/2 Fetching odds (9 events × 3 markets)...
  ✅ Saved 9 games (27 API requests)
  ⏳ Waiting 2 seconds...

[106/399] 2025-02-02

📅 Processing 2025-02-02...
  1/2 Fetching events...
  ✅ Found 6 events
  2/2 Fetching odds (6 events × 3 markets)...
  ✅ Saved 6 games (18 API requests)
  ⏳ Waiting 2 seconds...

[107/399] 2025-02-03

📅 Processing 2025-02-03...
  1/2 Fetching events...
  ✅ Found 12 events
  2/2 Fetching odds (12 events × 3 markets)...
  ✅ Saved 12 games (36 API requests)
  ⏳ Waiting 2 seconds...

[108/399] 2025-02-04

📅 Processing 2025-02-04...
  1/2 Fetching events...
  ✅ Found 9 events
  2/2 Fetching odds (9 events × 3 markets)...
  ✅ Saved 9 games (27 API requests)
  ⏳ Waiting 2 seconds...

[109/399] 2025-02-05

📅 Processing 2025-02-05...
  1/2 Fetching events...
  ✅ Found 13 events
  2/2 Fetching odds (13 events × 3 markets)...
  ✅ Saved 13 games (39 API requests)
  ⏳ Waiting 2 seconds...

[110/399] 2025-02-06

📅 Processing 2025-02-06...
  1/2 Fetching events...
  ✅ Found 9 events
  2/2 Fetching odds (9 events × 3 markets)...
  ✅ Saved 9 games (27 API requests)
  ⏳ Waiting 2 seconds...

[111/399] 2025-02-07

📅 Processing 2025-02-07...
  1/2 Fetching events...
  ✅ Found 10 events
  2/2 Fetching odds (10 events × 3 markets)...
  ✅ Saved 10 games (30 API requests)
  ⏳ Waiting 2 seconds...

[112/399] 2025-02-08

📅 Processing 2025-02-08...
  1/2 Fetching events...
  ✅ Found 14 events
  2/2 Fetching odds (14 events × 3 markets)...
  ✅ Saved 14 games (42 API requests)
  ⏳ Waiting 2 seconds...

[113/399] 2025-02-09

📅 Processing 2025-02-09...
  1/2 Fetching events...
  ✅ Found 6 events
  2/2 Fetching odds (6 events × 3 markets)...
  ✅ Saved 6 games (18 API requests)
  ⏳ Waiting 2 seconds...

[114/399] 2025-02-10

📅 Processing 2025-02-10...
  1/2 Fetching events...
  ✅ Found 13 events
  2/2 Fetching odds (13 events × 3 markets)...
  ✅ Saved 13 games (39 API requests)
  ⏳ Waiting 2 seconds...

[115/399] 2025-02-11

📅 Processing 2025-02-11...
  1/2 Fetching events...
  ✅ Found 6 events
  2/2 Fetching odds (6 events × 3 markets)...
  ✅ Saved 6 games (18 API requests)
  ⏳ Waiting 2 seconds...

[116/399] 2025-02-12

📅 Processing 2025-02-12...
  1/2 Fetching events...
  ✅ Found 17 events
  2/2 Fetching odds (17 events × 3 markets)...
  ✅ Saved 17 games (51 API requests)
  ⏳ Waiting 2 seconds...

[117/399] 2025-02-13

📅 Processing 2025-02-13...
  1/2 Fetching events...
  ✅ Found 7 events
  2/2 Fetching odds (7 events × 3 markets)...
  ✅ Saved 7 games (21 API requests)
  ⏳ Waiting 2 seconds...

[118/399] 2025-02-14

📅 Processing 2025-02-14...
  1/2 Fetching events...
  ✅ Found 3 events
  2/2 Fetching odds (3 events × 3 markets)...
  ✅ Saved 3 games (9 API requests)
  ⏳ Waiting 2 seconds...

[119/399] 2025-02-15

📅 Processing 2025-02-15...
  1/2 Fetching events...
  ✅ Found 12 events
  2/2 Fetching odds (12 events × 3 markets)...
  ✅ Saved 12 games (36 API requests)
  ⏳ Waiting 2 seconds...

[120/399] 2025-02-16

📅 Processing 2025-02-16...
  1/2 Fetching events...
  ✅ Found 12 events
  2/2 Fetching odds (12 events × 3 markets)...
  ✅ Saved 12 games (36 API requests)
  ⏳ Waiting 2 seconds...

[121/399] 2025-02-17

📅 Processing 2025-02-17...
  1/2 Fetching events...
  ✅ Found 12 events
  2/2 Fetching odds (12 events × 3 markets)...
  ✅ Saved 12 games (36 API requests)
  ⏳ Waiting 2 seconds...

[122/399] 2025-02-18

📅 Processing 2025-02-18...
  1/2 Fetching events...
  ✅ Found 13 events
  2/2 Fetching odds (13 events × 3 markets)...
  ✅ Saved 13 games (39 API requests)
  ⏳ Waiting 2 seconds...

[123/399] 2025-02-19

📅 Processing 2025-02-19...
  1/2 Fetching events...
  ✅ Found 13 events
  2/2 Fetching odds (13 events × 3 markets)...
  ✅ Saved 13 games (39 API requests)
  ⏳ Waiting 2 seconds...

[124/399] 2025-02-20

📅 Processing 2025-02-20...
  1/2 Fetching events...
  ✅ Found 12 events
  2/2 Fetching odds (12 events × 3 markets)...
  ✅ Saved 12 games (36 API requests)
  ⏳ Waiting 2 seconds...

[125/399] 2025-02-21

📅 Processing 2025-02-21...
  1/2 Fetching events...
  ✅ Found 11 events
  2/2 Fetching odds (11 events × 3 markets)...
  ✅ Saved 11 games (33 API requests)
  ⏳ Waiting 2 seconds...

[126/399] 2025-02-22

📅 Processing 2025-02-22...
  1/2 Fetching events...
  ✅ Found 7 events
  2/2 Fetching odds (7 events × 3 markets)...
  ✅ Saved 7 games (21 API requests)
  ⏳ Waiting 2 seconds...

[127/399] 2025-02-23

📅 Processing 2025-02-23...
  1/2 Fetching events...
  ✅ Found 12 events
  2/2 Fetching odds (12 events × 3 markets)...
  ✅ Saved 12 games (36 API requests)
  ⏳ Waiting 2 seconds...

[128/399] 2025-02-24

📅 Processing 2025-02-24...
  1/2 Fetching events...
  ✅ Found 10 events
  2/2 Fetching odds (10 events × 3 markets)...
  ✅ Saved 10 games (30 API requests)
  ⏳ Waiting 2 seconds...

[129/399] 2025-02-25

📅 Processing 2025-02-25...
  1/2 Fetching events...
  ✅ Found 8 events
  2/2 Fetching odds (8 events × 3 markets)...
  ✅ Saved 8 games (24 API requests)
  ⏳ Waiting 2 seconds...

[130/399] 2025-02-26

📅 Processing 2025-02-26...
  1/2 Fetching events...
  ✅ Found 10 events
  2/2 Fetching odds (10 events × 3 markets)...
  ✅ Saved 10 games (30 API requests)
  ⏳ Waiting 2 seconds...

[131/399] 2025-02-27

📅 Processing 2025-02-27...
  1/2 Fetching events...
  ✅ Found 6 events
  2/2 Fetching odds (6 events × 3 markets)...
  ✅ Saved 6 games (18 API requests)
  ⏳ Waiting 2 seconds...

[132/399] 2025-02-28

📅 Processing 2025-02-28...
  1/2 Fetching events...
  ✅ Found 11 events
  2/2 Fetching odds (11 events × 3 markets)...
  ✅ Saved 11 games (33 API requests)
  ⏳ Waiting 2 seconds...

[133/399] 2025-03-01

📅 Processing 2025-03-01...
  1/2 Fetching events...
  ✅ Found 7 events
  2/2 Fetching odds (7 events × 3 markets)...
  ✅ Saved 7 games (21 API requests)
  ⏳ Waiting 2 seconds...

[134/399] 2025-03-02

📅 Processing 2025-03-02...
  1/2 Fetching events...
  ✅ Found 10 events
  2/2 Fetching odds (10 events × 3 markets)...
  ✅ Saved 10 games (30 API requests)
  ⏳ Waiting 2 seconds...

[135/399] 2025-03-03

📅 Processing 2025-03-03...
  1/2 Fetching events...
  ✅ Found 8 events
  2/2 Fetching odds (8 events × 3 markets)...
  ✅ Saved 8 games (24 API requests)
  ⏳ Waiting 2 seconds...

[136/399] 2025-03-04

📅 Processing 2025-03-04...
  1/2 Fetching events...
  ✅ Found 10 events
  2/2 Fetching odds (10 events × 3 markets)...
  ✅ Saved 10 games (30 API requests)
  ⏳ Waiting 2 seconds...

[137/399] 2025-03-05

📅 Processing 2025-03-05...
  1/2 Fetching events...
  ✅ Found 9 events
  2/2 Fetching odds (9 events × 3 markets)...
  ✅ Saved 9 games (27 API requests)
  ⏳ Waiting 2 seconds...

[138/399] 2025-03-06

📅 Processing 2025-03-06...
  1/2 Fetching events...
  ✅ Found 6 events
  2/2 Fetching odds (6 events × 3 markets)...
  ✅ Saved 6 games (18 API requests)
  ⏳ Waiting 2 seconds...

[139/399] 2025-03-07

📅 Processing 2025-03-07...
  1/2 Fetching events...
  ✅ Found 8 events
  2/2 Fetching odds (8 events × 3 markets)...
  ✅ Saved 8 games (24 API requests)
  ⏳ Waiting 2 seconds...

[140/399] 2025-03-08

📅 Processing 2025-03-08...
  1/2 Fetching events...
  ✅ Found 8 events
  2/2 Fetching odds (8 events × 3 markets)...
  ✅ Saved 8 games (24 API requests)
  ⏳ Waiting 2 seconds...

[141/399] 2025-03-09

📅 Processing 2025-03-09...
  1/2 Fetching events...
  ✅ Found 8 events
  2/2 Fetching odds (8 events × 3 markets)...
  ✅ Saved 8 games (24 API requests)
  ⏳ Waiting 2 seconds...

[142/399] 2025-03-10

📅 Processing 2025-03-10...
  1/2 Fetching events...
  ✅ Found 12 events
  2/2 Fetching odds (12 events × 3 markets)...
  ✅ Saved 12 games (36 API requests)
  ⏳ Waiting 2 seconds...

[143/399] 2025-03-11

📅 Processing 2025-03-11...
  1/2 Fetching events...
  ✅ Found 5 events
  2/2 Fetching odds (5 events × 3 markets)...
  ✅ Saved 5 games (15 API requests)
  ⏳ Waiting 2 seconds...

[144/399] 2025-03-12

📅 Processing 2025-03-12...
  1/2 Fetching events...
  ✅ Found 10 events
  2/2 Fetching odds (10 events × 3 markets)...
  ✅ Saved 10 games (30 API requests)
  ⏳ Waiting 2 seconds...

[145/399] 2025-03-13

📅 Processing 2025-03-13...
  1/2 Fetching events...
  ✅ Found 5 events
  2/2 Fetching odds (5 events × 3 markets)...
  ✅ Saved 5 games (15 API requests)
  ⏳ Waiting 2 seconds...

[146/399] 2025-03-14

📅 Processing 2025-03-14...
  1/2 Fetching events...
  ✅ Found 10 events
  2/2 Fetching odds (10 events × 3 markets)...
  ✅ Saved 10 games (30 API requests)
  ⏳ Waiting 2 seconds...

[147/399] 2025-03-15

📅 Processing 2025-03-15...
  1/2 Fetching events...
  ✅ Found 8 events
  2/2 Fetching odds (8 events × 3 markets)...
  ✅ Saved 8 games (24 API requests)
  ⏳ Waiting 2 seconds...

[148/399] 2025-03-16

📅 Processing 2025-03-16...
  1/2 Fetching events...
  ✅ Found 8 events
  2/2 Fetching odds (8 events × 3 markets)...
  ✅ Saved 8 games (24 API requests)
  ⏳ Waiting 2 seconds...

[149/399] 2025-03-17

📅 Processing 2025-03-17...
  1/2 Fetching events...
  ✅ Found 10 events
  2/2 Fetching odds (10 events × 3 markets)...
  ✅ Saved 10 games (30 API requests)
  ⏳ Waiting 2 seconds...

[150/399] 2025-03-18

📅 Processing 2025-03-18...
  1/2 Fetching events...
  ✅ Found 4 events
  2/2 Fetching odds (4 events × 3 markets)...
  ✅ Saved 4 games (12 API requests)
  ⏳ Waiting 2 seconds...

[151/399] 2025-03-19

📅 Processing 2025-03-19...
  1/2 Fetching events...
  ✅ Found 11 events
  2/2 Fetching odds (11 events × 3 markets)...
  ✅ Saved 11 games (33 API requests)
  ⏳ Waiting 2 seconds...

[152/399] 2025-03-20

📅 Processing 2025-03-20...
  1/2 Fetching events...
  ✅ Found 5 events
  2/2 Fetching odds (5 events × 3 markets)...
  ✅ Saved 5 games (15 API requests)
  ⏳ Waiting 2 seconds...

[153/399] 2025-03-21

📅 Processing 2025-03-21...
  1/2 Fetching events...
  ✅ Found 10 events
  2/2 Fetching odds (10 events × 3 markets)...
  ✅ Saved 10 games (30 API requests)
  ⏳ Waiting 2 seconds...

[154/399] 2025-03-22

📅 Processing 2025-03-22...
  1/2 Fetching events...
  ✅ Found 5 events
  2/2 Fetching odds (5 events × 3 markets)...
  ✅ Saved 5 games (15 API requests)
  ⏳ Waiting 2 seconds...

[155/399] 2025-03-23

📅 Processing 2025-03-23...
  1/2 Fetching events...
  ✅ Found 8 events
  2/2 Fetching odds (8 events × 3 markets)...
  ✅ Saved 8 games (24 API requests)
  ⏳ Waiting 2 seconds...

[156/399] 2025-03-24

📅 Processing 2025-03-24...
  1/2 Fetching events...
  ✅ Found 8 events
  2/2 Fetching odds (8 events × 3 markets)...
  ✅ Saved 8 games (24 API requests)
  ⏳ Waiting 2 seconds...

[157/399] 2025-03-25

📅 Processing 2025-03-25...
  1/2 Fetching events...
  ✅ Found 8 events
  2/2 Fetching odds (8 events × 3 markets)...
  ✅ Saved 8 games (24 API requests)
  ⏳ Waiting 2 seconds...

[158/399] 2025-03-26

📅 Processing 2025-03-26...
  1/2 Fetching events...
  ✅ Found 6 events
  2/2 Fetching odds (6 events × 3 markets)...
  ✅ Saved 6 games (18 API requests)
  ⏳ Waiting 2 seconds...

[159/399] 2025-03-27

📅 Processing 2025-03-27...
  1/2 Fetching events...
  ✅ Found 8 events
  2/2 Fetching odds (8 events × 3 markets)...
  ✅ Saved 8 games (24 API requests)
  ⏳ Waiting 2 seconds...

[160/399] 2025-03-28

📅 Processing 2025-03-28...
  1/2 Fetching events...
  ✅ Found 7 events
  2/2 Fetching odds (7 events × 3 markets)...
  ✅ Saved 7 games (21 API requests)
  ⏳ Waiting 2 seconds...

[161/399] 2025-03-29

📅 Processing 2025-03-29...
  1/2 Fetching events...
  ✅ Found 7 events
  2/2 Fetching odds (7 events × 3 markets)...
  ✅ Saved 7 games (21 API requests)
  ⏳ Waiting 2 seconds...

[162/399] 2025-03-30

📅 Processing 2025-03-30...
  1/2 Fetching events...
  ✅ Found 8 events
  2/2 Fetching odds (8 events × 3 markets)...
  ✅ Saved 8 games (24 API requests)
  ⏳ Waiting 2 seconds...

[163/399] 2025-03-31

📅 Processing 2025-03-31...
  1/2 Fetching events...
  ✅ Found 8 events
  2/2 Fetching odds (8 events × 3 markets)...
  ✅ Saved 8 games (24 API requests)
  ⏳ Waiting 2 seconds...

[164/399] 2025-04-01

📅 Processing 2025-04-01...
  1/2 Fetching events...
  ✅ Found 7 events
  2/2 Fetching odds (7 events × 3 markets)...
  ✅ Saved 7 games (21 API requests)
  ⏳ Waiting 2 seconds...

[165/399] 2025-04-02

📅 Processing 2025-04-02...
  1/2 Fetching events...
  ✅ Found 9 events
  2/2 Fetching odds (9 events × 3 markets)...
  ✅ Saved 9 games (27 API requests)
  ⏳ Waiting 2 seconds...

[166/399] 2025-04-03

📅 Processing 2025-04-03...
  1/2 Fetching events...
  ✅ Found 6 events
  2/2 Fetching odds (6 events × 3 markets)...
  ✅ Saved 6 games (18 API requests)
  ⏳ Waiting 2 seconds...

[167/399] 2025-04-04

📅 Processing 2025-04-04...
  1/2 Fetching events...
  ✅ Found 10 events
  2/2 Fetching odds (10 events × 3 markets)...
  ✅ Saved 10 games (30 API requests)
  ⏳ Waiting 2 seconds...

[168/399] 2025-04-05

📅 Processing 2025-04-05...
  1/2 Fetching events...
  ✅ Found 5 events
  2/2 Fetching odds (5 events × 3 markets)...
  ✅ Saved 5 games (15 API requests)
  ⏳ Waiting 2 seconds...

[169/399] 2025-04-06

📅 Processing 2025-04-06...
  1/2 Fetching events...
  ✅ Found 11 events
  2/2 Fetching odds (11 events × 3 markets)...
  ✅ Saved 11 games (33 API requests)
  ⏳ Waiting 2 seconds...

[170/399] 2025-04-07

📅 Processing 2025-04-07...
  1/2 Fetching events...
  ✅ Found 6 events
  2/2 Fetching odds (6 events × 3 markets)...
  ✅ Saved 6 games (18 API requests)
  ⏳ Waiting 2 seconds...

[171/399] 2025-04-08

📅 Processing 2025-04-08...
  1/2 Fetching events...
  ✅ Found 11 events
  2/2 Fetching odds (11 events × 3 markets)...
  ✅ Saved 11 games (33 API requests)
  ⏳ Waiting 2 seconds...

[172/399] 2025-04-09

📅 Processing 2025-04-09...
  1/2 Fetching events...
  ✅ Found 10 events
  2/2 Fetching odds (10 events × 3 markets)...
  ✅ Saved 10 games (30 API requests)
  ⏳ Waiting 2 seconds...

[173/399] 2025-04-10

📅 Processing 2025-04-10...
  1/2 Fetching events...
  ✅ Found 5 events
  2/2 Fetching odds (5 events × 3 markets)...
  ✅ Saved 5 games (15 API requests)
  ⏳ Waiting 2 seconds...

[174/399] 2025-04-11

📅 Processing 2025-04-11...
  1/2 Fetching events...
  ✅ Found 15 events
  2/2 Fetching odds (15 events × 3 markets)...
  ✅ Saved 15 games (45 API requests)
  ⏳ Waiting 2 seconds...

[175/399] 2025-04-12

📅 Processing 2025-04-12...
  1/2 Fetching events...
  ✅ Found 6 events
  2/2 Fetching odds (6 events × 3 markets)...
  ✅ Saved 6 games (18 API requests)
  ⏳ Waiting 2 seconds...

[176/399] 2025-04-13

📅 Processing 2025-04-13...
  1/2 Fetching events...
  ✅ Found 19 events
  2/2 Fetching odds (19 events × 3 markets)...
  ✅ Saved 19 games (57 API requests)
  ⏳ Waiting 2 seconds...

[177/399] 2025-04-14

📅 Processing 2025-04-14...
  1/2 Fetching events...
  ✅ Found 8 events
  2/2 Fetching odds (8 events × 3 markets)...
  ✅ Saved 8 games (24 API requests)
  ⏳ Waiting 2 seconds...

[178/399] 2025-04-15

📅 Processing 2025-04-15...
  1/2 Fetching events...
  ✅ Found 8 events
  2/2 Fetching odds (8 events × 3 markets)...
  ✅ Saved 8 games (24 API requests)
  ⏳ Waiting 2 seconds...

[179/399] 2025-04-16

📅 Processing 2025-04-16...
  1/2 Fetching events...
  ✅ Found 9 events
  2/2 Fetching odds (9 events × 3 markets)...
  ✅ Saved 9 games (27 API requests)
  ⏳ Waiting 2 seconds...

[180/399] 2025-04-17

📅 Processing 2025-04-17...
  1/2 Fetching events...
  ✅ Found 8 events
  2/2 Fetching odds (8 events × 3 markets)...
  ✅ Saved 8 games (24 API requests)
  ⏳ Waiting 2 seconds...

[181/399] 2025-04-18

📅 Processing 2025-04-18...
  1/2 Fetching events...
  ✅ Found 8 events
  2/2 Fetching odds (8 events × 3 markets)...
  ✅ Saved 8 games (24 API requests)
  ⏳ Waiting 2 seconds...

[182/399] 2025-04-19

📅 Processing 2025-04-19...
  1/2 Fetching events...
  ✅ Found 8 events
  2/2 Fetching odds (8 events × 3 markets)...
  ✅ Saved 8 games (24 API requests)
  ⏳ Waiting 2 seconds...

[183/399] 2025-04-20

📅 Processing 2025-04-20...
  1/2 Fetching events...
  ✅ Found 8 events
  2/2 Fetching odds (8 events × 3 markets)...
  ✅ Saved 8 games (24 API requests)
  ⏳ Waiting 2 seconds...

[184/399] 2025-04-21

📅 Processing 2025-04-21...
  1/2 Fetching events...
  ✅ Found 8 events
  2/2 Fetching odds (8 events × 3 markets)...
  ✅ Saved 8 games (24 API requests)
  ⏳ Waiting 2 seconds...

[185/399] 2025-04-22

📅 Processing 2025-04-22...
  1/2 Fetching events...
  ✅ Found 8 events
  2/2 Fetching odds (8 events × 3 markets)...
  ✅ Saved 8 games (24 API requests)
  ⏳ Waiting 2 seconds...

[186/399] 2025-04-23

📅 Processing 2025-04-23...
  1/2 Fetching events...
  ✅ Found 8 events
  2/2 Fetching odds (8 events × 3 markets)...
  ✅ Saved 8 games (24 API requests)
  ⏳ Waiting 2 seconds...

[187/399] 2025-04-24

📅 Processing 2025-04-24...
  1/2 Fetching events...
  ✅ Found 8 events
  2/2 Fetching odds (8 events × 3 markets)...
  ✅ Saved 8 games (24 API requests)
  ⏳ Waiting 2 seconds...

[188/399] 2025-04-25

📅 Processing 2025-04-25...
  1/2 Fetching events...
  ✅ Found 8 events
  2/2 Fetching odds (8 events × 3 markets)...
  ✅ Saved 8 games (24 API requests)
  ⏳ Waiting 2 seconds...

[189/399] 2025-04-26

📅 Processing 2025-04-26...
  1/2 Fetching events...
  ✅ Found 8 events
  2/2 Fetching odds (8 events × 3 markets)...
  ✅ Saved 8 games (24 API requests)
  ⏳ Waiting 2 seconds...

[190/399] 2025-04-27

📅 Processing 2025-04-27...
  1/2 Fetching events...
  ✅ Found 7 events
  2/2 Fetching odds (7 events × 3 markets)...
  ✅ Saved 7 games (21 API requests)
  ⏳ Waiting 2 seconds...

[191/399] 2025-04-28

📅 Processing 2025-04-28...
  1/2 Fetching events...
  ✅ Found 7 events
  2/2 Fetching odds (7 events × 3 markets)...
  ✅ Saved 7 games (21 API requests)
  ⏳ Waiting 2 seconds...

[192/399] 2025-04-29

📅 Processing 2025-04-29...
  1/2 Fetching events...
  ✅ Found 6 events
  2/2 Fetching odds (6 events × 3 markets)...
  ✅ Saved 6 games (18 API requests)
  ⏳ Waiting 2 seconds...

[193/399] 2025-04-30

📅 Processing 2025-04-30...
  1/2 Fetching events...
  ✅ Found 7 events
  2/2 Fetching odds (7 events × 3 markets)...
  ✅ Saved 7 games (21 API requests)
  ⏳ Waiting 2 seconds...

[194/399] 2025-05-01

📅 Processing 2025-05-01...
  1/2 Fetching events...
  ✅ Found 4 events
  2/2 Fetching odds (4 events × 3 markets)...
  ✅ Saved 4 games (12 API requests)
  ⏳ Waiting 2 seconds...

[195/399] 2025-05-02

📅 Processing 2025-05-02...
  1/2 Fetching events...
  ✅ Found 4 events
  2/2 Fetching odds (4 events × 3 markets)...
  ✅ Saved 4 games (12 API requests)
  ⏳ Waiting 2 seconds...

[196/399] 2025-05-03

📅 Processing 2025-05-03...
  1/2 Fetching events...
  ✅ Found 4 events
  2/2 Fetching odds (4 events × 3 markets)...
  ✅ Saved 4 games (12 API requests)
  ⏳ Waiting 2 seconds...

[197/399] 2025-05-04

📅 Processing 2025-05-04...
  1/2 Fetching events...
  ✅ Found 4 events
  2/2 Fetching odds (4 events × 3 markets)...
  ✅ Saved 4 games (12 API requests)
  ⏳ Waiting 2 seconds...

[198/399] 2025-05-05

📅 Processing 2025-05-05...
  1/2 Fetching events...
  ✅ Found 4 events
  2/2 Fetching odds (4 events × 3 markets)...
  ✅ Saved 4 games (12 API requests)
  ⏳ Waiting 2 seconds...

[199/399] 2025-05-06

📅 Processing 2025-05-06...
  1/2 Fetching events...
  ✅ Found 4 events
  2/2 Fetching odds (4 events × 3 markets)...
  ✅ Saved 4 games (12 API requests)
  ⏳ Waiting 2 seconds...

[200/399] 2025-05-07

📅 Processing 2025-05-07...
  1/2 Fetching events...
  ✅ Found 4 events
  2/2 Fetching odds (4 events × 3 markets)...
  ✅ Saved 4 games (12 API requests)
  ⏳ Waiting 2 seconds...

[201/399] 2025-05-08

📅 Processing 2025-05-08...
  1/2 Fetching events...
  ✅ Found 4 events
  2/2 Fetching odds (4 events × 3 markets)...
  ✅ Saved 4 games (12 API requests)
  ⏳ Waiting 2 seconds...

[202/399] 2025-05-09

📅 Processing 2025-05-09...
  1/2 Fetching events...
  ✅ Found 4 events
  2/2 Fetching odds (4 events × 3 markets)...
  ✅ Saved 4 games (12 API requests)
  ⏳ Waiting 2 seconds...

[203/399] 2025-05-10

📅 Processing 2025-05-10...
  1/2 Fetching events...
  ✅ Found 4 events
  2/2 Fetching odds (4 events × 3 markets)...
  ✅ Saved 4 games (12 API requests)
  ⏳ Waiting 2 seconds...

[204/399] 2025-05-11

📅 Processing 2025-05-11...
  1/2 Fetching events...
  ✅ Found 4 events
  2/2 Fetching odds (4 events × 3 markets)...
  ✅ Saved 4 games (12 API requests)
  ⏳ Waiting 2 seconds...

[205/399] 2025-05-12

📅 Processing 2025-05-12...
  1/2 Fetching events...
  ✅ Found 4 events
  2/2 Fetching odds (4 events × 3 markets)...
  ✅ Saved 4 games (12 API requests)
  ⏳ Waiting 2 seconds...

[206/399] 2025-05-13

📅 Processing 2025-05-13...
  1/2 Fetching events...
  ✅ Found 4 events
  2/2 Fetching odds (4 events × 3 markets)...
  ✅ Saved 4 games (12 API requests)
  ⏳ Waiting 2 seconds...

[207/399] 2025-05-14

📅 Processing 2025-05-14...
  1/2 Fetching events...
  ✅ Found 3 events
  2/2 Fetching odds (3 events × 3 markets)...
  ✅ Saved 3 games (9 API requests)
  ⏳ Waiting 2 seconds...

[208/399] 2025-05-15

📅 Processing 2025-05-15...
  1/2 Fetching events...
  ✅ Found 2 events
  2/2 Fetching odds (2 events × 3 markets)...
  ✅ Saved 2 games (6 API requests)
  ⏳ Waiting 2 seconds...

[209/399] 2025-05-16

📅 Processing 2025-05-16...
  1/2 Fetching events...
  ✅ Found 2 events
  2/2 Fetching odds (2 events × 3 markets)...
  ✅ Saved 2 games (6 API requests)
  ⏳ Waiting 2 seconds...

[210/399] 2025-05-17

📅 Processing 2025-05-17...
  1/2 Fetching events...
  ✅ Found 2 events
  2/2 Fetching odds (2 events × 3 markets)...
  ✅ Saved 2 games (6 API requests)
  ⏳ Waiting 2 seconds...

[211/399] 2025-05-18

📅 Processing 2025-05-18...
  1/2 Fetching events...
  ✅ Found 2 events
  2/2 Fetching odds (2 events × 3 markets)...
  ✅ Saved 2 games (6 API requests)
  ⏳ Waiting 2 seconds...

[212/399] 2025-05-19

📅 Processing 2025-05-19...
  1/2 Fetching events...
  ✅ Found 2 events
  2/2 Fetching odds (2 events × 3 markets)...
  ✅ Saved 2 games (6 API requests)
  ⏳ Waiting 2 seconds...

[213/399] 2025-05-20

📅 Processing 2025-05-20...
  1/2 Fetching events...
  ✅ Found 2 events
  2/2 Fetching odds (2 events × 3 markets)...
  ✅ Saved 2 games (6 API requests)
  ⏳ Waiting 2 seconds...

[214/399] 2025-05-21

📅 Processing 2025-05-21...
  1/2 Fetching events...
  ✅ Found 2 events
  2/2 Fetching odds (2 events × 3 markets)...
  ✅ Saved 2 games (6 API requests)
  ⏳ Waiting 2 seconds...

[215/399] 2025-05-22

📅 Processing 2025-05-22...
  1/2 Fetching events...
  ✅ Found 2 events
  2/2 Fetching odds (2 events × 3 markets)...
  ✅ Saved 2 games (6 API requests)
  ⏳ Waiting 2 seconds...

[216/399] 2025-05-23

📅 Processing 2025-05-23...
  1/2 Fetching events...
  ✅ Found 2 events
  2/2 Fetching odds (2 events × 3 markets)...
  ✅ Saved 2 games (6 API requests)
  ⏳ Waiting 2 seconds...

[217/399] 2025-05-24

📅 Processing 2025-05-24...
  1/2 Fetching events...
  ✅ Found 2 events
  2/2 Fetching odds (2 events × 3 markets)...
  ✅ Saved 2 games (6 API requests)
  ⏳ Waiting 2 seconds...

[218/399] 2025-05-25

📅 Processing 2025-05-25...
  1/2 Fetching events...
  ✅ Found 2 events
  2/2 Fetching odds (2 events × 3 markets)...
  ✅ Saved 2 games (6 API requests)
  ⏳ Waiting 2 seconds...

[219/399] 2025-05-26

📅 Processing 2025-05-26...
  1/2 Fetching events...
  ✅ Found 2 events
  2/2 Fetching odds (2 events × 3 markets)...
  ✅ Saved 2 games (6 API requests)
  ⏳ Waiting 2 seconds...

[220/399] 2025-05-27

📅 Processing 2025-05-27...
  1/2 Fetching events...
  ✅ Found 2 events
  2/2 Fetching odds (2 events × 3 markets)...
  ✅ Saved 2 games (6 API requests)
  ⏳ Waiting 2 seconds...

[221/399] 2025-05-28

📅 Processing 2025-05-28...
  1/2 Fetching events...
  ✅ Found 2 events
  2/2 Fetching odds (2 events × 3 markets)...
  ✅ Saved 2 games (6 API requests)
  ⏳ Waiting 2 seconds...

[222/399] 2025-05-29

📅 Processing 2025-05-29...
  1/2 Fetching events...
  ✅ Found 2 events
  2/2 Fetching odds (2 events × 3 markets)...
  ✅ Saved 2 games (6 API requests)
  ⏳ Waiting 2 seconds...

[223/399] 2025-05-30

📅 Processing 2025-05-30...
  1/2 Fetching events...
  ✅ Found 2 events
  2/2 Fetching odds (2 events × 3 markets)...
  ✅ Saved 2 games (6 API requests)
  ⏳ Waiting 2 seconds...

[224/399] 2025-05-31

📅 Processing 2025-05-31...
  1/2 Fetching events...
  ✅ Found 2 events
  2/2 Fetching odds (2 events × 3 markets)...
  ✅ Saved 2 games (6 API requests)
  ⏳ Waiting 2 seconds...

[225/399] 2025-06-01

📅 Processing 2025-06-01...
  1/2 Fetching events...
  ✅ Found 1 events
  2/2 Fetching odds (1 events × 3 markets)...
  ✅ Saved 1 games (3 API requests)
  ⏳ Waiting 2 seconds...

[226/399] 2025-06-02

📅 Processing 2025-06-02...
  1/2 Fetching events...
  ✅ Found 1 events
  2/2 Fetching odds (1 events × 3 markets)...
  ✅ Saved 1 games (3 API requests)
  ⏳ Waiting 2 seconds...

[227/399] 2025-06-03

📅 Processing 2025-06-03...
  1/2 Fetching events...
  ✅ Found 1 events
  2/2 Fetching odds (1 events × 3 markets)...
  ✅ Saved 1 games (3 API requests)
  ⏳ Waiting 2 seconds...

[228/399] 2025-06-04

📅 Processing 2025-06-04...
  1/2 Fetching events...
  ✅ Found 1 events
  2/2 Fetching odds (1 events × 3 markets)...
  ✅ Saved 1 games (3 API requests)
  ⏳ Waiting 2 seconds...

[229/399] 2025-06-05

📅 Processing 2025-06-05...
  1/2 Fetching events...
  ✅ Found 1 events
  2/2 Fetching odds (1 events × 3 markets)...
  ✅ Saved 1 games (3 API requests)
  ⏳ Waiting 2 seconds...

[230/399] 2025-06-06

📅 Processing 2025-06-06...
  1/2 Fetching events...
  ✅ Found 1 events
  2/2 Fetching odds (1 events × 3 markets)...
  ✅ Saved 1 games (3 API requests)
  ⏳ Waiting 2 seconds...

[231/399] 2025-06-07

📅 Processing 2025-06-07...
  1/2 Fetching events...
  ✅ Found 1 events
  2/2 Fetching odds (1 events × 3 markets)...
  ✅ Saved 1 games (3 API requests)
  ⏳ Waiting 2 seconds...

[232/399] 2025-06-08

📅 Processing 2025-06-08...
  1/2 Fetching events...
  ✅ Found 1 events
  2/2 Fetching odds (1 events × 3 markets)...
  ✅ Saved 1 games (3 API requests)
  ⏳ Waiting 2 seconds...

[233/399] 2025-06-09

📅 Processing 2025-06-09...
  1/2 Fetching events...
  ✅ Found 1 events
  2/2 Fetching odds (1 events × 3 markets)...
  ✅ Saved 1 games (3 API requests)
  ⏳ Waiting 2 seconds...

[234/399] 2025-06-10

📅 Processing 2025-06-10...
  1/2 Fetching events...
  ✅ Found 1 events
  2/2 Fetching odds (1 events × 3 markets)...
  ✅ Saved 1 games (3 API requests)
  ⏳ Waiting 2 seconds...

[235/399] 2025-06-11

📅 Processing 2025-06-11...
  1/2 Fetching events...
  ✅ Found 1 events
  2/2 Fetching odds (1 events × 3 markets)...
  ✅ Saved 1 games (3 API requests)
  ⏳ Waiting 2 seconds...

[236/399] 2025-06-12

📅 Processing 2025-06-12...
  1/2 Fetching events...
  ✅ Found 1 events
  2/2 Fetching odds (1 events × 3 markets)...
  ✅ Saved 1 games (3 API requests)
  ⏳ Waiting 2 seconds...

[237/399] 2025-06-13

📅 Processing 2025-06-13...
  1/2 Fetching events...
  ✅ Found 1 events
  2/2 Fetching odds (1 events × 3 markets)...
  ✅ Saved 1 games (3 API requests)
  ⏳ Waiting 2 seconds...

[238/399] 2025-06-14

📅 Processing 2025-06-14...
  1/2 Fetching events...
  ✅ Found 1 events
  2/2 Fetching odds (1 events × 3 markets)...
  ✅ Saved 1 games (3 API requests)
  ⏳ Waiting 2 seconds...

[239/399] 2025-06-15

📅 Processing 2025-06-15...
  1/2 Fetching events...
  ✅ Found 1 events
  2/2 Fetching odds (1 events × 3 markets)...
  ✅ Saved 1 games (3 API requests)
  ⏳ Waiting 2 seconds...

[240/399] 2025-06-16

📅 Processing 2025-06-16...
  1/2 Fetching events...
  ✅ Found 1 events
  2/2 Fetching odds (1 events × 3 markets)...
  ✅ Saved 1 games (3 API requests)
  ⏳ Waiting 2 seconds...

[241/399] 2025-06-17

📅 Processing 2025-06-17...
  1/2 Fetching events...
  ✅ Found 1 events
  2/2 Fetching odds (1 events × 3 markets)...
  ✅ Saved 1 games (3 API requests)
  ⏳ Waiting 2 seconds...

[242/399] 2025-06-18

📅 Processing 2025-06-18...
  1/2 Fetching events...
  ✅ Found 1 events
  2/2 Fetching odds (1 events × 3 markets)...
  ✅ Saved 1 games (3 API requests)
  ⏳ Waiting 2 seconds...

[243/399] 2025-06-19

📅 Processing 2025-06-19...
  1/2 Fetching events...
  ✅ Found 1 events
  2/2 Fetching odds (1 events × 3 markets)...
  ✅ Saved 1 games (3 API requests)
  ⏳ Waiting 2 seconds...

[244/399] 2025-06-20

📅 Processing 2025-06-20...
  1/2 Fetching events...
  ✅ Found 1 events
  2/2 Fetching odds (1 events × 3 markets)...
  ✅ Saved 1 games (3 API requests)
  ⏳ Waiting 2 seconds...

[245/399] 2025-06-21

📅 Processing 2025-06-21...
  1/2 Fetching events...
  ✅ Found 1 events
  2/2 Fetching odds (1 events × 3 markets)...
  ✅ Saved 1 games (3 API requests)
  ⏳ Waiting 2 seconds...

[246/399] 2025-06-22

📅 Processing 2025-06-22...
  1/2 Fetching events...
  ✅ Found 1 events
  2/2 Fetching odds (1 events × 3 markets)...
  ✅ Saved 1 games (3 API requests)
  ⏳ Waiting 2 seconds...

[247/399] 2025-06-23

📅 Processing 2025-06-23...
  1/2 Fetching events...
  ✅ Found 1 events
  2/2 Fetching odds (1 events × 3 markets)...
  ✅ Saved 1 games (3 API requests)
  ⏳ Waiting 2 seconds...

[248/399] 2025-06-24

📅 Processing 2025-06-24...
  1/2 Fetching events...
  ✅ Found 1 events
  2/2 Fetching odds (1 events × 3 markets)...
  ✅ Saved 1 games (3 API requests)
  ⏳ Waiting 2 seconds...

[249/399] 2025-06-25

📅 Processing 2025-06-25...
  1/2 Fetching events...
  ✅ Found 1 events
  2/2 Fetching odds (1 events × 3 markets)...
  ✅ Saved 1 games (3 API requests)
  ⏳ Waiting 2 seconds...

[250/399] 2025-06-26

📅 Processing 2025-06-26...
  1/2 Fetching events...
  ✅ Found 1 events
  2/2 Fetching odds (1 events × 3 markets)...
  ✅ Saved 1 games (3 API requests)
  ⏳ Waiting 2 seconds...

[251/399] 2025-06-27

📅 Processing 2025-06-27...
  1/2 Fetching events...
  ✅ Found 1 events
  2/2 Fetching odds (1 events × 3 markets)...
  ✅ Saved 1 games (3 API requests)
  ⏳ Waiting 2 seconds...

[252/399] 2025-06-28

📅 Processing 2025-06-28...
  1/2 Fetching events...
  ✅ Found 1 events
  2/2 Fetching odds (1 events × 3 markets)...
  ✅ Saved 1 games (3 API requests)
  ⏳ Waiting 2 seconds...

[253/399] 2025-06-29

📅 Processing 2025-06-29...
  1/2 Fetching events...
  ✅ Found 1 events
  2/2 Fetching odds (1 events × 3 markets)...
  ✅ Saved 1 games (3 API requests)
  ⏳ Waiting 2 seconds...

[254/399] 2025-06-30

📅 Processing 2025-06-30...
  1/2 Fetching events...
  ✅ Found 1 events
  2/2 Fetching odds (1 events × 3 markets)...
  ✅ Saved 1 games (3 API requests)
  ⏳ Waiting 2 seconds...

[255/399] 2025-07-01

📅 Processing 2025-07-01...
  1/2 Fetching events...
  ✅ Found 1 events
  2/2 Fetching odds (1 events × 3 markets)...
  ✅ Saved 1 games (3 API requests)
  ⏳ Waiting 2 seconds...

[256/399] 2025-07-02

📅 Processing 2025-07-02...
  1/2 Fetching events...
  ✅ Found 1 events
  2/2 Fetching odds (1 events × 3 markets)...
  ✅ Saved 1 games (3 API requests)
  ⏳ Waiting 2 seconds...

[257/399] 2025-07-03

📅 Processing 2025-07-03...
  1/2 Fetching events...
  ✅ Found 1 events
  2/2 Fetching odds (1 events × 3 markets)...
  ✅ Saved 1 games (3 API requests)
  ⏳ Waiting 2 seconds...

[258/399] 2025-07-04

📅 Processing 2025-07-04...
  1/2 Fetching events...
  ✅ Found 4 events
  2/2 Fetching odds (4 events × 3 markets)...
  ✅ Saved 4 games (12 API requests)
  ⏳ Waiting 2 seconds...

[259/399] 2025-07-05

📅 Processing 2025-07-05...
  1/2 Fetching events...
  ✅ Found 4 events
  2/2 Fetching odds (4 events × 3 markets)...
  ✅ Saved 4 games (12 API requests)
  ⏳ Waiting 2 seconds...

[260/399] 2025-07-06

📅 Processing 2025-07-06...
  1/2 Fetching events...
  ✅ Found 4 events
  2/2 Fetching odds (4 events × 3 markets)...
  ✅ Saved 4 games (12 API requests)
  ⏳ Waiting 2 seconds...

[261/399] 2025-07-07

📅 Processing 2025-07-07...
  1/2 Fetching events...
  ✅ Found 4 events
  2/2 Fetching odds (4 events × 3 markets)...
  ✅ Saved 4 games (12 API requests)
  ⏳ Waiting 2 seconds...

[262/399] 2025-07-08

📅 Processing 2025-07-08...
  1/2 Fetching events...
  ✅ Found 4 events
  2/2 Fetching odds (4 events × 3 markets)...
  ✅ Saved 4 games (12 API requests)
  ⏳ Waiting 2 seconds...

[263/399] 2025-07-09

📅 Processing 2025-07-09...
  1/2 Fetching events...
  ✅ Found 4 events
  2/2 Fetching odds (4 events × 3 markets)...
  ✅ Saved 4 games (12 API requests)
  ⏳ Waiting 2 seconds...

[264/399] 2025-07-10

📅 Processing 2025-07-10...
  1/2 Fetching events...
  ✅ Found 4 events
  2/2 Fetching odds (4 events × 3 markets)...
  ✅ Saved 4 games (12 API requests)
  ⏳ Waiting 2 seconds...

[265/399] 2025-07-11

📅 Processing 2025-07-11...
  1/2 Fetching events...
  ✅ Found 4 events
  2/2 Fetching odds (4 events × 3 markets)...
  ✅ Saved 4 games (12 API requests)
  ⏳ Waiting 2 seconds...

[266/399] 2025-07-12

📅 Processing 2025-07-12...
  1/2 Fetching events...
  ✅ Found 4 events
  2/2 Fetching odds (4 events × 3 markets)...
  ✅ Saved 4 games (12 API requests)
  ⏳ Waiting 2 seconds...

[267/399] 2025-07-13

📅 Processing 2025-07-13...
  1/2 Fetching events...
  ✅ Found 4 events
  2/2 Fetching odds (4 events × 3 markets)...
  ✅ Saved 4 games (12 API requests)
  ⏳ Waiting 2 seconds...

[268/399] 2025-07-14

📅 Processing 2025-07-14...
  1/2 Fetching events...
  ✅ Found 4 events
  2/2 Fetching odds (4 events × 3 markets)...
  ✅ Saved 4 games (12 API requests)
  ⏳ Waiting 2 seconds...

[269/399] 2025-07-15

📅 Processing 2025-07-15...
  1/2 Fetching events...
  ✅ Found 4 events
  2/2 Fetching odds (4 events × 3 markets)...
  ✅ Saved 4 games (12 API requests)
  ⏳ Waiting 2 seconds...

[270/399] 2025-07-16

📅 Processing 2025-07-16...
  1/2 Fetching events...
  ✅ Found 4 events
  2/2 Fetching odds (4 events × 3 markets)...
  ✅ Saved 4 games (12 API requests)
  ⏳ Waiting 2 seconds...

[271/399] 2025-07-17

📅 Processing 2025-07-17...
  1/2 Fetching events...
  ✅ Found 4 events
  2/2 Fetching odds (4 events × 3 markets)...
  ✅ Saved 4 games (12 API requests)
  ⏳ Waiting 2 seconds...

[272/399] 2025-07-18

📅 Processing 2025-07-18...
  1/2 Fetching events...
  ✅ Found 4 events
  2/2 Fetching odds (4 events × 3 markets)...
  ✅ Saved 4 games (12 API requests)
  ⏳ Waiting 2 seconds...

[273/399] 2025-07-19

📅 Processing 2025-07-19...
  1/2 Fetching events...
  ✅ Found 4 events
  2/2 Fetching odds (4 events × 3 markets)...
  ✅ Saved 4 games (12 API requests)
  ⏳ Waiting 2 seconds...

[274/399] 2025-07-20

📅 Processing 2025-07-20...
  1/2 Fetching events...
  ✅ Found 4 events
  2/2 Fetching odds (4 events × 3 markets)...
  ✅ Saved 4 games (12 API requests)
  ⏳ Waiting 2 seconds...

[275/399] 2025-07-21

📅 Processing 2025-07-21...
  1/2 Fetching events...
  ✅ Found 4 events
  2/2 Fetching odds (4 events × 3 markets)...
  ✅ Saved 4 games (12 API requests)
  ⏳ Waiting 2 seconds...

[276/399] 2025-07-22

📅 Processing 2025-07-22...
  1/2 Fetching events...
  ✅ Found 4 events
  2/2 Fetching odds (4 events × 3 markets)...
  ✅ Saved 4 games (12 API requests)
  ⏳ Waiting 2 seconds...

[277/399] 2025-07-23

📅 Processing 2025-07-23...
  1/2 Fetching events...
  ✅ Found 4 events
  2/2 Fetching odds (4 events × 3 markets)...
  ✅ Saved 4 games (12 API requests)
  ⏳ Waiting 2 seconds...

[278/399] 2025-07-24

📅 Processing 2025-07-24...
  1/2 Fetching events...
  ✅ Found 4 events
  2/2 Fetching odds (4 events × 3 markets)...
  ✅ Saved 4 games (12 API requests)
  ⏳ Waiting 2 seconds...

[279/399] 2025-07-25

📅 Processing 2025-07-25...
  1/2 Fetching events...
  ✅ Found 4 events
  2/2 Fetching odds (4 events × 3 markets)...
  ✅ Saved 4 games (12 API requests)
  ⏳ Waiting 2 seconds...

[280/399] 2025-07-26

📅 Processing 2025-07-26...
  1/2 Fetching events...
  ✅ Found 4 events
  2/2 Fetching odds (4 events × 3 markets)...
  ✅ Saved 4 games (12 API requests)
  ⏳ Waiting 2 seconds...

[281/399] 2025-07-27

📅 Processing 2025-07-27...
  1/2 Fetching events...
  ✅ Found 4 events
  2/2 Fetching odds (4 events × 3 markets)...
  ✅ Saved 4 games (12 API requests)
  ⏳ Waiting 2 seconds...

[282/399] 2025-07-28

📅 Processing 2025-07-28...
  1/2 Fetching events...
  ✅ Found 4 events
  2/2 Fetching odds (4 events × 3 markets)...
  ✅ Saved 4 games (12 API requests)
  ⏳ Waiting 2 seconds...

[283/399] 2025-07-29

📅 Processing 2025-07-29...
  1/2 Fetching events...
  ✅ Found 4 events
  2/2 Fetching odds (4 events × 3 markets)...
  ✅ Saved 4 games (12 API requests)
  ⏳ Waiting 2 seconds...

[284/399] 2025-07-30

📅 Processing 2025-07-30...
  1/2 Fetching events...
  ✅ Found 4 events
  2/2 Fetching odds (4 events × 3 markets)...
  ✅ Saved 4 games (12 API requests)
  ⏳ Waiting 2 seconds...

[285/399] 2025-07-31

📅 Processing 2025-07-31...
  1/2 Fetching events...
  ✅ Found 4 events
  2/2 Fetching odds (4 events × 3 markets)...
  ✅ Saved 4 games (12 API requests)
  ⏳ Waiting 2 seconds...

[286/399] 2025-08-01

📅 Processing 2025-08-01...
  1/2 Fetching events...
  ✅ Found 4 events
  2/2 Fetching odds (4 events × 3 markets)...
  ✅ Saved 4 games (12 API requests)
  ⏳ Waiting 2 seconds...

[287/399] 2025-08-02

📅 Processing 2025-08-02...
  1/2 Fetching events...
  ✅ Found 4 events
  2/2 Fetching odds (4 events × 3 markets)...
  ✅ Saved 4 games (12 API requests)
  ⏳ Waiting 2 seconds...

[288/399] 2025-08-03

📅 Processing 2025-08-03...
  1/2 Fetching events...
  ✅ Found 4 events
  2/2 Fetching odds (4 events × 3 markets)...
  ✅ Saved 4 games (12 API requests)
  ⏳ Waiting 2 seconds...

[289/399] 2025-08-04

📅 Processing 2025-08-04...
  1/2 Fetching events...
  ✅ Found 4 events
  2/2 Fetching odds (4 events × 3 markets)...
  ✅ Saved 4 games (12 API requests)
  ⏳ Waiting 2 seconds...

[290/399] 2025-08-05

📅 Processing 2025-08-05...
  1/2 Fetching events...
  ✅ Found 4 events
  2/2 Fetching odds (4 events × 3 markets)...
  ✅ Saved 4 games (12 API requests)
  ⏳ Waiting 2 seconds...

[291/399] 2025-08-06

📅 Processing 2025-08-06...
  1/2 Fetching events...
  ✅ Found 4 events
  2/2 Fetching odds (4 events × 3 markets)...
  ✅ Saved 4 games (12 API requests)
  ⏳ Waiting 2 seconds...

[292/399] 2025-08-07

📅 Processing 2025-08-07...
  1/2 Fetching events...
  ✅ Found 4 events
  2/2 Fetching odds (4 events × 3 markets)...
  ✅ Saved 4 games (12 API requests)
  ⏳ Waiting 2 seconds...

[293/399] 2025-08-08

📅 Processing 2025-08-08...
  1/2 Fetching events...
  ✅ Found 4 events
  2/2 Fetching odds (4 events × 3 markets)...
  ✅ Saved 4 games (12 API requests)
  ⏳ Waiting 2 seconds...

[294/399] 2025-08-09

📅 Processing 2025-08-09...
  1/2 Fetching events...
  ✅ Found 7 events
  2/2 Fetching odds (7 events × 3 markets)...
  ✅ Saved 7 games (21 API requests)
  ⏳ Waiting 2 seconds...

[295/399] 2025-08-10

📅 Processing 2025-08-10...
  1/2 Fetching events...
  ✅ Found 7 events
  2/2 Fetching odds (7 events × 3 markets)...
  ✅ Saved 7 games (21 API requests)
  ⏳ Waiting 2 seconds...

[296/399] 2025-08-11

📅 Processing 2025-08-11...
  1/2 Fetching events...
  ✅ Found 7 events
  2/2 Fetching odds (7 events × 3 markets)...
  ✅ Saved 7 games (21 API requests)
  ⏳ Waiting 2 seconds...

[297/399] 2025-08-12

📅 Processing 2025-08-12...
  1/2 Fetching events...
  ✅ Found 7 events
  2/2 Fetching odds (7 events × 3 markets)...
  ✅ Saved 7 games (21 API requests)
  ⏳ Waiting 2 seconds...

[298/399] 2025-08-13

📅 Processing 2025-08-13...
  1/2 Fetching events...
  ✅ Found 17 events
  2/2 Fetching odds (17 events × 3 markets)...
  ✅ Saved 17 games (51 API requests)
  ⏳ Waiting 2 seconds...

[299/399] 2025-08-14

📅 Processing 2025-08-14...
  1/2 Fetching events...
  ✅ Found 34 events
  2/2 Fetching odds (34 events × 3 markets)...
  ✅ Saved 34 games (102 API requests)
  ⏳ Waiting 2 seconds...

[300/399] 2025-08-15

📅 Processing 2025-08-15...
  1/2 Fetching events...
  ✅ Found 44 events
  2/2 Fetching odds (44 events × 3 markets)...
  ✅ Saved 44 games (132 API requests)
  ⏳ Waiting 2 seconds...

[301/399] 2025-08-16

📅 Processing 2025-08-16...
  1/2 Fetching events...
  ✅ Found 44 events
  2/2 Fetching odds (44 events × 3 markets)...
  ✅ Saved 44 games (132 API requests)
  ⏳ Waiting 2 seconds...

[302/399] 2025-08-17

📅 Processing 2025-08-17...
  1/2 Fetching events...
  ✅ Found 44 events
  2/2 Fetching odds (44 events × 3 markets)...
  ✅ Saved 44 games (132 API requests)
  ⏳ Waiting 2 seconds...

[303/399] 2025-08-18

📅 Processing 2025-08-18...
  1/2 Fetching events...
  ✅ Found 44 events
  2/2 Fetching odds (44 events × 3 markets)...
  ✅ Saved 44 games (132 API requests)
  ⏳ Waiting 2 seconds...

[304/399] 2025-08-19

📅 Processing 2025-08-19...
  1/2 Fetching events...
  ✅ Found 44 events
  2/2 Fetching odds (44 events × 3 markets)...
  ✅ Saved 44 games (132 API requests)
  ⏳ Waiting 2 seconds...

[305/399] 2025-08-20

📅 Processing 2025-08-20...
  1/2 Fetching events...
  ✅ Found 44 events
  2/2 Fetching odds (44 events × 3 markets)...
  ✅ Saved 44 games (132 API requests)
  ⏳ Waiting 2 seconds...

[306/399] 2025-08-21

📅 Processing 2025-08-21...
  1/2 Fetching events...
  ✅ Found 44 events
  2/2 Fetching odds (44 events × 3 markets)...
  ✅ Saved 44 games (132 API requests)
  ⏳ Waiting 2 seconds...

[307/399] 2025-08-22

📅 Processing 2025-08-22...
  1/2 Fetching events...
  ✅ Found 44 events
  2/2 Fetching odds (44 events × 3 markets)...
  ✅ Saved 44 games (132 API requests)
  ⏳ Waiting 2 seconds...

[308/399] 2025-08-23

📅 Processing 2025-08-23...
  1/2 Fetching events...
  ✅ Found 44 events
  2/2 Fetching odds (44 events × 3 markets)...
  ✅ Saved 44 games (132 API requests)
  ⏳ Waiting 2 seconds...

[309/399] 2025-08-24

📅 Processing 2025-08-24...
  1/2 Fetching events...
  ✅ Found 44 events
  2/2 Fetching odds (44 events × 3 markets)...
  ✅ Saved 44 games (132 API requests)
  ⏳ Waiting 2 seconds...

[310/399] 2025-08-25

📅 Processing 2025-08-25...
  1/2 Fetching events...
  ✅ Found 44 events
  2/2 Fetching odds (44 events × 3 markets)...
  ✅ Saved 44 games (132 API requests)
  ⏳ Waiting 2 seconds...

[311/399] 2025-08-26

📅 Processing 2025-08-26...
  1/2 Fetching events...
  ✅ Found 44 events
  2/2 Fetching odds (44 events × 3 markets)...
  ✅ Saved 44 games (132 API requests)
  ⏳ Waiting 2 seconds...

[312/399] 2025-08-27

📅 Processing 2025-08-27...
  1/2 Fetching events...
  ✅ Found 44 events
  2/2 Fetching odds (44 events × 3 markets)...
  ✅ Saved 44 games (132 API requests)
  ⏳ Waiting 2 seconds...

[313/399] 2025-08-28

📅 Processing 2025-08-28...
  1/2 Fetching events...
  ✅ Found 44 events
  2/2 Fetching odds (44 events × 3 markets)...
  ✅ Saved 44 games (132 API requests)
  ⏳ Waiting 2 seconds...

[314/399] 2025-08-29

📅 Processing 2025-08-29...
  1/2 Fetching events...
  ✅ Found 44 events
  2/2 Fetching odds (44 events × 3 markets)...
  ✅ Saved 44 games (132 API requests)
  ⏳ Waiting 2 seconds...

[315/399] 2025-08-30

📅 Processing 2025-08-30...
  1/2 Fetching events...
  ✅ Found 44 events
  2/2 Fetching odds (44 events × 3 markets)...
  ✅ Saved 44 games (132 API requests)
  ⏳ Waiting 2 seconds...

[316/399] 2025-08-31

📅 Processing 2025-08-31...
  1/2 Fetching events...
  ✅ Found 44 events
  2/2 Fetching odds (44 events × 3 markets)...
  ✅ Saved 44 games (132 API requests)
  ⏳ Waiting 2 seconds...

[317/399] 2025-09-01

📅 Processing 2025-09-01...
  1/2 Fetching events...
  ✅ Found 43 events
  2/2 Fetching odds (43 events × 3 markets)...
  ✅ Saved 43 games (129 API requests)
  ⏳ Waiting 2 seconds...

[318/399] 2025-09-02

📅 Processing 2025-09-02...
  1/2 Fetching events...
  ✅ Found 43 events
  2/2 Fetching odds (43 events × 3 markets)...
  ✅ Saved 43 games (129 API requests)
  ⏳ Waiting 2 seconds...

[319/399] 2025-09-03

📅 Processing 2025-09-03...
  1/2 Fetching events...
  ✅ Found 43 events
  2/2 Fetching odds (43 events × 3 markets)...
  ✅ Saved 43 games (129 API requests)
  ⏳ Waiting 2 seconds...

[320/399] 2025-09-04

📅 Processing 2025-09-04...
  1/2 Fetching events...
  ✅ Found 43 events
  2/2 Fetching odds (43 events × 3 markets)...
  ✅ Saved 43 games (129 API requests)
  ⏳ Waiting 2 seconds...

[321/399] 2025-09-05

📅 Processing 2025-09-05...
  1/2 Fetching events...
  ✅ Found 44 events
  2/2 Fetching odds (44 events × 3 markets)...
  ✅ Saved 44 games (132 API requests)
  ⏳ Waiting 2 seconds...

[322/399] 2025-09-06

📅 Processing 2025-09-06...
  1/2 Fetching events...
  ✅ Found 44 events
  2/2 Fetching odds (44 events × 3 markets)...
  ✅ Saved 44 games (132 API requests)
  ⏳ Waiting 2 seconds...

[323/399] 2025-09-07

📅 Processing 2025-09-07...
  1/2 Fetching events...
  ✅ Found 44 events
  2/2 Fetching odds (44 events × 3 markets)...
  ✅ Saved 44 games (132 API requests)
  ⏳ Waiting 2 seconds...

[324/399] 2025-09-08

📅 Processing 2025-09-08...
  1/2 Fetching events...
  ✅ Found 44 events
  2/2 Fetching odds (44 events × 3 markets)...
  ✅ Saved 44 games (132 API requests)
  ⏳ Waiting 2 seconds...

[325/399] 2025-09-09

📅 Processing 2025-09-09...
  1/2 Fetching events...
  ✅ Found 44 events
  2/2 Fetching odds (44 events × 3 markets)...
  ✅ Saved 44 games (132 API requests)
  ⏳ Waiting 2 seconds...

[326/399] 2025-09-10

📅 Processing 2025-09-10...
  1/2 Fetching events...
  ✅ Found 44 events
  2/2 Fetching odds (44 events × 3 markets)...
  ✅ Saved 44 games (132 API requests)
  ⏳ Waiting 2 seconds...

[327/399] 2025-09-11

📅 Processing 2025-09-11...
  1/2 Fetching events...
  ✅ Found 44 events
  2/2 Fetching odds (44 events × 3 markets)...
  ✅ Saved 44 games (132 API requests)
  ⏳ Waiting 2 seconds...

[328/399] 2025-09-12

📅 Processing 2025-09-12...
  1/2 Fetching events...
  ✅ Found 33 events
  2/2 Fetching odds (33 events × 3 markets)...
  ✅ Saved 33 games (99 API requests)
  ⏳ Waiting 2 seconds...

[329/399] 2025-09-13

📅 Processing 2025-09-13...
  1/2 Fetching events...
  ✅ Found 44 events
  2/2 Fetching odds (44 events × 3 markets)...
  ✅ Saved 44 games (132 API requests)
  ⏳ Waiting 2 seconds...

[330/399] 2025-09-14

📅 Processing 2025-09-14...
  1/2 Fetching events...
  ✅ Found 44 events
  2/2 Fetching odds (44 events × 3 markets)...
  ✅ Saved 44 games (132 API requests)
  ⏳ Waiting 2 seconds...

[331/399] 2025-09-15

📅 Processing 2025-09-15...
  1/2 Fetching events...
  ✅ Found 44 events
  2/2 Fetching odds (44 events × 3 markets)...
  ✅ Saved 44 games (132 API requests)
  ⏳ Waiting 2 seconds...

[332/399] 2025-09-16

📅 Processing 2025-09-16...
  1/2 Fetching events...
  ✅ Found 44 events
  2/2 Fetching odds (44 events × 3 markets)...
  ✅ Saved 44 games (132 API requests)
  ⏳ Waiting 2 seconds...

[333/399] 2025-09-17

📅 Processing 2025-09-17...
  1/2 Fetching events...
  ✅ Found 44 events
  2/2 Fetching odds (44 events × 3 markets)...
  ✅ Saved 44 games (132 API requests)
  ⏳ Waiting 2 seconds...

[334/399] 2025-09-18

📅 Processing 2025-09-18...
  1/2 Fetching events...
  ✅ Found 44 events
  2/2 Fetching odds (44 events × 3 markets)...
  ✅ Saved 44 games (132 API requests)
  ⏳ Waiting 2 seconds...

[335/399] 2025-09-19

📅 Processing 2025-09-19...
  1/2 Fetching events...
  ✅ Found 44 events
  2/2 Fetching odds (44 events × 3 markets)...
  ✅ Saved 44 games (132 API requests)
  ⏳ Waiting 2 seconds...

[336/399] 2025-09-20

📅 Processing 2025-09-20...
  1/2 Fetching events...
  ✅ Found 44 events
  2/2 Fetching odds (44 events × 3 markets)...
  ✅ Saved 44 games (132 API requests)
  ⏳ Waiting 2 seconds...

[337/399] 2025-09-21

📅 Processing 2025-09-21...
  1/2 Fetching events...
  ✅ Found 44 events
  2/2 Fetching odds (44 events × 3 markets)...
  ✅ Saved 44 games (132 API requests)
  ⏳ Waiting 2 seconds...

[338/399] 2025-09-22

📅 Processing 2025-09-22...
  1/2 Fetching events...
  ✅ Found 44 events
  2/2 Fetching odds (44 events × 3 markets)...
  ✅ Saved 44 games (132 API requests)
  ⏳ Waiting 2 seconds...

[339/399] 2025-09-23

📅 Processing 2025-09-23...
  1/2 Fetching events...
  ✅ Found 44 events
  2/2 Fetching odds (44 events × 3 markets)...
  ✅ Saved 44 games (132 API requests)
  ⏳ Waiting 2 seconds...

[340/399] 2025-09-24

📅 Processing 2025-09-24...
  1/2 Fetching events...
  ✅ Found 44 events
  2/2 Fetching odds (44 events × 3 markets)...
  ✅ Saved 44 games (132 API requests)
  ⏳ Waiting 2 seconds...

[341/399] 2025-09-25

📅 Processing 2025-09-25...
  1/2 Fetching events...
  ✅ Found 44 events
  2/2 Fetching odds (44 events × 3 markets)...
  ✅ Saved 44 games (132 API requests)
  ⏳ Waiting 2 seconds...

[342/399] 2025-09-26

📅 Processing 2025-09-26...
  1/2 Fetching events...
  ✅ Found 44 events
  2/2 Fetching odds (44 events × 3 markets)...
  ✅ Saved 44 games (132 API requests)
  ⏳ Waiting 2 seconds...

[343/399] 2025-09-27

📅 Processing 2025-09-27...
  1/2 Fetching events...
  ✅ Found 44 events
  2/2 Fetching odds (44 events × 3 markets)...
  ✅ Saved 44 games (132 API requests)
  ⏳ Waiting 2 seconds...

[344/399] 2025-09-28

📅 Processing 2025-09-28...
  1/2 Fetching events...
  ✅ Found 44 events
  2/2 Fetching odds (44 events × 3 markets)...
  ✅ Saved 44 games (132 API requests)
  ⏳ Waiting 2 seconds...

[345/399] 2025-09-29

📅 Processing 2025-09-29...
  1/2 Fetching events...
  ✅ Found 44 events
  2/2 Fetching odds (44 events × 3 markets)...
  ✅ Saved 44 games (132 API requests)
  ⏳ Waiting 2 seconds...

[346/399] 2025-09-30

📅 Processing 2025-09-30...
  1/2 Fetching events...
  ✅ Found 44 events
  2/2 Fetching odds (44 events × 3 markets)...
  ✅ Saved 44 games (132 API requests)
  ⏳ Waiting 2 seconds...

[347/399] 2025-10-01

📅 Processing 2025-10-01...
  1/2 Fetching events...
  ✅ Found 44 events
  2/2 Fetching odds (44 events × 3 markets)...
  ✅ Saved 44 games (132 API requests)
  ⏳ Waiting 2 seconds...

[348/399] 2025-10-02

📅 Processing 2025-10-02...
  1/2 Fetching events...
  ✅ Found 44 events
  2/2 Fetching odds (44 events × 3 markets)...
  ✅ Saved 44 games (132 API requests)
  ⏳ Waiting 2 seconds...

[349/399] 2025-10-03

📅 Processing 2025-10-03...
  1/2 Fetching events...
  ✅ Found 44 events
  2/2 Fetching odds (44 events × 3 markets)...
  ✅ Saved 44 games (132 API requests)
  ⏳ Waiting 2 seconds...

[350/399] 2025-10-04

📅 Processing 2025-10-04...
  1/2 Fetching events...
  ✅ Found 44 events
  2/2 Fetching odds (44 events × 3 markets)...
  ✅ Saved 44 games (132 API requests)
  ⏳ Waiting 2 seconds...

[351/399] 2025-10-05

📅 Processing 2025-10-05...
  1/2 Fetching events...
  ✅ Found 44 events
  2/2 Fetching odds (44 events × 3 markets)...
  ✅ Saved 44 games (132 API requests)
  ⏳ Waiting 2 seconds...

[352/399] 2025-10-06

📅 Processing 2025-10-06...
  1/2 Fetching events...
  ✅ Found 44 events
  2/2 Fetching odds (44 events × 3 markets)...
  ✅ Saved 44 games (132 API requests)
  ⏳ Waiting 2 seconds...

[353/399] 2025-10-07

📅 Processing 2025-10-07...
  1/2 Fetching events...
  ✅ Found 44 events
  2/2 Fetching odds (44 events × 3 markets)...
  ✅ Saved 44 games (132 API requests)
  ⏳ Waiting 2 seconds...

[354/399] 2025-10-08

📅 Processing 2025-10-08...
  1/2 Fetching events...
  ✅ Found 44 events
  2/2 Fetching odds (44 events × 3 markets)...
  ✅ Saved 44 games (132 API requests)
  ⏳ Waiting 2 seconds...

[355/399] 2025-10-09

📅 Processing 2025-10-09...
  1/2 Fetching events...
  ✅ Found 44 events
  2/2 Fetching odds (44 events × 3 markets)...
  ✅ Saved 44 games (132 API requests)
  ⏳ Waiting 2 seconds...

[356/399] 2025-10-10

📅 Processing 2025-10-10...
  1/2 Fetching events...
  ✅ Found 42 events
  2/2 Fetching odds (42 events × 3 markets)...
  ✅ Saved 42 games (126 API requests)
  ⏳ Waiting 2 seconds...

[357/399] 2025-10-11

📅 Processing 2025-10-11...
  1/2 Fetching events...
  ✅ Found 42 events
  2/2 Fetching odds (42 events × 3 markets)...
  ✅ Saved 42 games (126 API requests)
  ⏳ Waiting 2 seconds...

[358/399] 2025-10-12

📅 Processing 2025-10-12...
  1/2 Fetching events...
  ✅ Found 42 events
  2/2 Fetching odds (42 events × 3 markets)...
  ✅ Saved 42 games (126 API requests)
  ⏳ Waiting 2 seconds...

[359/399] 2025-10-13

📅 Processing 2025-10-13...
  1/2 Fetching events...
  ✅ Found 42 events
  2/2 Fetching odds (42 events × 3 markets)...
  ✅ Saved 42 games (126 API requests)
  ⏳ Waiting 2 seconds...

[360/399] 2025-10-14

📅 Processing 2025-10-14...
  1/2 Fetching events...
  ✅ Found 42 events
  2/2 Fetching odds (42 events × 3 markets)...
  ✅ Saved 42 games (126 API requests)
  ⏳ Waiting 2 seconds...

[361/399] 2025-10-15

📅 Processing 2025-10-15...
  1/2 Fetching events...
  ✅ Found 42 events
  2/2 Fetching odds (42 events × 3 markets)...
  ✅ Saved 42 games (126 API requests)
  ⏳ Waiting 2 seconds...

[362/399] 2025-10-16

📅 Processing 2025-10-16...
  1/2 Fetching events...
  ✅ Found 42 events
  2/2 Fetching odds (42 events × 3 markets)...
  ✅ Saved 42 games (126 API requests)
  ⏳ Waiting 2 seconds...

[363/399] 2025-10-17

📅 Processing 2025-10-17...
  1/2 Fetching events...
  ✅ Found 42 events
  2/2 Fetching odds (42 events × 3 markets)...
  ✅ Saved 42 games (126 API requests)
  ⏳ Waiting 2 seconds...

[364/399] 2025-10-18

📅 Processing 2025-10-18...
  1/2 Fetching events...
  ✅ Found 42 events
  2/2 Fetching odds (42 events × 3 markets)...
  ✅ Saved 42 games (126 API requests)
  ⏳ Waiting 2 seconds...

[365/399] 2025-10-19

📅 Processing 2025-10-19...
  1/2 Fetching events...
  ✅ Found 42 events
  2/2 Fetching odds (42 events × 3 markets)...
  ✅ Saved 42 games (126 API requests)
  ⏳ Waiting 2 seconds...

[366/399] 2025-10-20

📅 Processing 2025-10-20...
  1/2 Fetching events...
  ✅ Found 42 events
  2/2 Fetching odds (42 events × 3 markets)...
  ✅ Saved 42 games (126 API requests)
  ⏳ Waiting 2 seconds...

[367/399] 2025-10-21

📅 Processing 2025-10-21...
  1/2 Fetching events...
  ✅ Found 42 events
  2/2 Fetching odds (42 events × 3 markets)...
  ✅ Saved 42 games (126 API requests)
  ⏳ Waiting 2 seconds...

[368/399] 2025-10-22

📅 Processing 2025-10-22...
  1/2 Fetching events...
  ✅ Found 40 events
  2/2 Fetching odds (40 events × 3 markets)...
  ✅ Saved 40 games (120 API requests)
  ⏳ Waiting 2 seconds...

[369/399] 2025-10-23

📅 Processing 2025-10-23...
  1/2 Fetching events...
  ✅ Found 39 events
  2/2 Fetching odds (39 events × 3 markets)...
  ✅ Saved 39 games (117 API requests)
  ⏳ Waiting 2 seconds...

[370/399] 2025-10-24

📅 Processing 2025-10-24...
  1/2 Fetching events...
  ✅ Found 36 events
  2/2 Fetching odds (36 events × 3 markets)...
  ✅ Saved 36 games (108 API requests)
  ⏳ Waiting 2 seconds...

[371/399] 2025-10-25

📅 Processing 2025-10-25...
  1/2 Fetching events...
  ✅ Found 29 events
  2/2 Fetching odds (29 events × 3 markets)...
  ✅ Saved 29 games (87 API requests)
  ⏳ Waiting 2 seconds...

[372/399] 2025-10-26

📅 Processing 2025-10-26...
  1/2 Fetching events...
  ✅ Found 30 events
  2/2 Fetching odds (30 events × 3 markets)...
  ✅ Saved 30 games (90 API requests)
  ⏳ Waiting 2 seconds...

[373/399] 2025-10-27

📅 Processing 2025-10-27...
  1/2 Fetching events...
  ✅ Found 20 events
  2/2 Fetching odds (20 events × 3 markets)...
  ✅ Saved 20 games (60 API requests)
  ⏳ Waiting 2 seconds...

[374/399] 2025-10-28

📅 Processing 2025-10-28...
  1/2 Fetching events...
  ✅ Found 14 events
  2/2 Fetching odds (14 events × 3 markets)...
  ✅ Saved 14 games (42 API requests)
  ⏳ Waiting 2 seconds...

[375/399] 2025-10-29

📅 Processing 2025-10-29...
  1/2 Fetching events...
  ✅ Found 19 events
  2/2 Fetching odds (19 events × 3 markets)...
  ✅ Saved 19 games (57 API requests)
  ⏳ Waiting 2 seconds...

[376/399] 2025-10-30

📅 Processing 2025-10-30...
  1/2 Fetching events...
  ✅ Found 20 events
  2/2 Fetching odds (20 events × 3 markets)...
  ✅ Saved 20 games (60 API requests)
  ⏳ Waiting 2 seconds...

[377/399] 2025-10-31

📅 Processing 2025-10-31...
  1/2 Fetching events...
  ✅ Found 16 events
  2/2 Fetching odds (16 events × 3 markets)...
  ✅ Saved 16 games (48 API requests)
  ⏳ Waiting 2 seconds...

[378/399] 2025-11-01

📅 Processing 2025-11-01...
  1/2 Fetching events...
  ✅ Found 10 events
  2/2 Fetching odds (10 events × 3 markets)...
  ✅ Saved 10 games (30 API requests)
  ⏳ Waiting 2 seconds...

[379/399] 2025-11-02

📅 Processing 2025-11-02...
  1/2 Fetching events...
  ✅ Found 11 events
  2/2 Fetching odds (11 events × 3 markets)...
  ✅ Saved 11 games (33 API requests)
  ⏳ Waiting 2 seconds...

[380/399] 2025-11-03

📅 Processing 2025-11-03...
  1/2 Fetching events...
  ✅ Found 12 events
  2/2 Fetching odds (12 events × 3 markets)...
  ✅ Saved 12 games (36 API requests)
  ⏳ Waiting 2 seconds...

[381/399] 2025-11-04

📅 Processing 2025-11-04...
  1/2 Fetching events...
  ✅ Found 9 events
  2/2 Fetching odds (9 events × 3 markets)...
  ✅ Saved 9 games (27 API requests)
  ⏳ Waiting 2 seconds...

[382/399] 2025-11-05

📅 Processing 2025-11-05...
  1/2 Fetching events...
  ✅ Found 14 events
  2/2 Fetching odds (14 events × 3 markets)...
  ✅ Saved 14 games (42 API requests)
  ⏳ Waiting 2 seconds...

[383/399] 2025-11-06

📅 Processing 2025-11-06...
  1/2 Fetching events...
  ✅ Found 13 events
  2/2 Fetching odds (13 events × 3 markets)...
  ✅ Saved 13 games (39 API requests)
  ⏳ Waiting 2 seconds...

[384/399] 2025-11-07

📅 Processing 2025-11-07...
  1/2 Fetching events...
  ✅ Found 14 events
  2/2 Fetching odds (14 events × 3 markets)...
  ✅ Saved 14 games (42 API requests)
  ⏳ Waiting 2 seconds...

[385/399] 2025-11-08

📅 Processing 2025-11-08...
  1/2 Fetching events...
  ✅ Found 11 events
  2/2 Fetching odds (11 events × 3 markets)...
  ✅ Saved 11 games (33 API requests)
  ⏳ Waiting 2 seconds...

[386/399] 2025-11-09

📅 Processing 2025-11-09...
  1/2 Fetching events...
  ✅ Found 10 events
  2/2 Fetching odds (10 events × 3 markets)...
  ✅ Saved 10 games (30 API requests)
  ⏳ Waiting 2 seconds...

[387/399] 2025-11-10

📅 Processing 2025-11-10...
  1/2 Fetching events...
  ✅ Found 12 events
  2/2 Fetching odds (12 events × 3 markets)...
  ✅ Saved 12 games (36 API requests)
  ⏳ Waiting 2 seconds...

[388/399] 2025-11-11

📅 Processing 2025-11-11...
  1/2 Fetching events...
  ✅ Found 9 events
  2/2 Fetching odds (9 events × 3 markets)...
  ✅ Saved 9 games (27 API requests)
  ⏳ Waiting 2 seconds...

[389/399] 2025-11-12

📅 Processing 2025-11-12...
  1/2 Fetching events...
  ✅ Found 15 events
  2/2 Fetching odds (15 events × 3 markets)...
  ✅ Saved 15 games (45 API requests)
  ⏳ Waiting 2 seconds...

[390/399] 2025-11-13

📅 Processing 2025-11-13...
  1/2 Fetching events...
  ✅ Found 8 events
  2/2 Fetching odds (8 events × 3 markets)...
  ✅ Saved 8 games (24 API requests)
  ⏳ Waiting 2 seconds...

[391/399] 2025-11-14

📅 Processing 2025-11-14...
  1/2 Fetching events...
  ✅ Found 12 events
  2/2 Fetching odds (12 events × 3 markets)...
  ✅ Saved 12 games (36 API requests)
  ⏳ Waiting 2 seconds...

[392/399] 2025-11-15

📅 Processing 2025-11-15...
  1/2 Fetching events...
  ✅ Found 8 events
  2/2 Fetching odds (8 events × 3 markets)...
  ✅ Saved 8 games (24 API requests)
  ⏳ Waiting 2 seconds...

[393/399] 2025-11-16

📅 Processing 2025-11-16...
  1/2 Fetching events...
  ✅ Found 11 events
  2/2 Fetching odds (11 events × 3 markets)...
  ✅ Saved 11 games (33 API requests)
  ⏳ Waiting 2 seconds...

[394/399] 2025-11-17

📅 Processing 2025-11-17...
  1/2 Fetching events...
  ✅ Found 11 events
  2/2 Fetching odds (11 events × 3 markets)...
  ✅ Saved 11 games (33 API requests)
  ⏳ Waiting 2 seconds...

[395/399] 2025-11-18

📅 Processing 2025-11-18...
  1/2 Fetching events...
  ✅ Found 9 events
  2/2 Fetching odds (9 events × 3 markets)...
  ✅ Saved 9 games (27 API requests)
  ⏳ Waiting 2 seconds...

[396/399] 2025-11-19

📅 Processing 2025-11-19...
  1/2 Fetching events...
  ✅ Found 9 events
  2/2 Fetching odds (9 events × 3 markets)...
  ✅ Saved 9 games (27 API requests)
  ⏳ Waiting 2 seconds...

[397/399] 2025-11-20

📅 Processing 2025-11-20...
  1/2 Fetching events...
  ✅ Found 6 events
  2/2 Fetching odds (6 events × 3 markets)...
  ✅ Saved 6 games (18 API requests)
  ⏳ Waiting 2 seconds...

[398/399] 2025-11-21

📅 Processing 2025-11-21...
  1/2 Fetching events...
  ✅ Found 9 events
  2/2 Fetching odds (9 events × 3 markets)...
  ✅ Saved 9 games (27 API requests)
  ⏳ Waiting 2 seconds...

[399/399] 2025-11-22

📅 Processing 2025-11-22...
  1/2 Fetching events...
  ✅ Found 7 events
  2/2 Fetching odds (7 events × 3 markets)...
  ✅ Saved 7 games (21 API requests)

✅ Manifest updated: /Users/brentgoldman/Desktop/REPO33/RRMODEL/data/nba/historical_odds/game_totals/game_totals_manifest_v1.json

============================================================
✅ COMPLETE
============================================================
Dates processed: 399
Total games: 6116
Skipped: 2

📁 Output: /Users/brentgoldman/Desktop/REPO33/RRMODEL/data/nba/historical_odds/game_totals
📄 Manifest: /Users/brentgoldman/Desktop/REPO33/RRMODEL/data/nba/historical_odds/game_totals/game_totals_manifest_v1.json

🎯 Next step: Merge with model predictions for walk-forward backtest
