╔════════════════════════════════════════════════════════════════════╗
║                                                                    ║
║       📊 NHL HISTORICAL ODDS FETCHER V2                            ║
║       (Properly Implemented with TheOddsAPI Guidance)              ║
║                                                                    ║
╚════════════════════════════════════════════════════════════════════╝

🔐 API Key: c5d3fe15...

📂 Loading historical game data...
   Using sample: pass2_middle_sample.json
   Format: Player-based (240 games)
📊 Filtering games...
   Total games: 169,847
   Using player-based sample: 240 games
   Matched: 240 games
   Unique dates: 95
   Date range: 2024-02-12 to 2024-12-04

═══════════════════════════════════════════════════════════════════
📊 COST ESTIMATE
═══════════════════════════════════════════════════════════════════

Total dates:         95
Total games:         240
Games per date:      ~3

Cost per date:       1 credit (fetch event IDs)
Cost per game:       10 credits (fetch player props)
Total estimated:     2,495 credits

═══════════════════════════════════════════════════════════════════
🚀 FETCHING HISTORICAL ODDS
═══════════════════════════════════════════════════════════════════

Processing 95 dates...

[1/95] 2024-02-12 (1 games)
   → Events API: 4 events found (1 credits)
   ✓ Completed (88154.0 credits remaining)
[2/95] 2024-02-13 (5 games)
   → Events API: 11 events found (1 credits)
   ✓ Completed (88143.0 credits remaining)
[3/95] 2024-02-14 (1 games)
   → Events API: 15 events found (1 credits)
   ✓ Completed (88092.0 credits remaining)
[4/95] 2024-02-15 (3 games)
   → Events API: 13 events found (1 credits)
   ✓ Completed (88081.0 credits remaining)
[5/95] 2024-02-17 (5 games)
   → Events API: 13 events found (1 credits)
   ✓ Completed (88060.0 credits remaining)
[6/95] 2024-02-19 (7 games)
   → Events API: 10 events found (1 credits)
   ✓ Completed (88009.0 credits remaining)
[7/95] 2024-02-20 (4 games)
   → Events API: 8 events found (1 credits)
   ✓ Completed (87958.0 credits remaining)
[8/95] 2024-02-22 (4 games)
   → Events API: 11 events found (1 credits)
   ✓ Completed (87917.0 credits remaining)
[9/95] 2024-02-24 (9 games)
   → Events API: 13 events found (1 credits)
   ✓ Completed (87886.0 credits remaining)
[10/95] 2024-02-25 (3 games)
   → Events API: 11 events found (1 credits)
   ✓ Completed (87805.0 credits remaining)
[11/95] 2024-02-26 (1 games)
   → Events API: 16 events found (1 credits)
   ✓ Completed (87774.0 credits remaining)
[12/95] 2024-02-27 (2 games)
   → Events API: 14 events found (1 credits)
   ✓ Completed (87763.0 credits remaining)
[13/95] 2024-02-28 (1 games)
   → Events API: 14 events found (1 credits)
   ✓ Completed (87742.0 credits remaining)
[14/95] 2024-02-29 (2 games)
   → Events API: 12 events found (1 credits)
   ✓ Completed (87731.0 credits remaining)
[15/95] 2024-03-02 (6 games)
   → Events API: 13 events found (1 credits)
   ✓ Completed (87710.0 credits remaining)
[16/95] 2024-03-04 (2 games)
   → Events API: 15 events found (1 credits)
   ✓ Completed (87669.0 credits remaining)
[17/95] 2024-03-05 (1 games)
   → Events API: 12 events found (1 credits)
   ✓ Completed (87648.0 credits remaining)
[18/95] 2024-03-07 (3 games)
   → Events API: 12 events found (1 credits)
   ✓ Completed (87637.0 credits remaining)
[19/95] 2024-03-08 (1 games)
   → Events API: 17 events found (1 credits)
   ✓ Completed (87616.0 credits remaining)
[20/95] 2024-03-09 (3 games)
   → Events API: 13 events found (1 credits)
   ✓ Completed (87605.0 credits remaining)
[21/95] 2024-03-10 (1 games)
   → Events API: 5 events found (1 credits)
   ✓ Completed (87584.0 credits remaining)
[22/95] 2024-03-11 (4 games)
   → Events API: 14 events found (1 credits)
   ✓ Completed (87573.0 credits remaining)
[23/95] 2024-03-12 (1 games)
   → Events API: 14 events found (1 credits)
   ✓ Completed (87532.0 credits remaining)
[24/95] 2024-03-13 (1 games)
   → Events API: 16 events found (1 credits)
   ✓ Completed (87521.0 credits remaining)
[25/95] 2024-03-14 (3 games)
   → Events API: 12 events found (1 credits)
   ✓ Completed (87510.0 credits remaining)
[26/95] 2024-03-16 (5 games)
   → Events API: 21 events found (1 credits)
   ✓ Completed (87489.0 credits remaining)
[27/95] 2024-03-17 (2 games)
   → Events API: 9 events found (1 credits)
   ✓ Completed (87448.0 credits remaining)
[28/95] 2024-03-18 (2 games)
   → Events API: 15 events found (1 credits)
   ✓ Completed (87427.0 credits remaining)
[29/95] 2024-03-19 (1 games)
   → Events API: 13 events found (1 credits)
   ✓ Completed (87416.0 credits remaining)
[30/95] 2024-03-20 (2 games)
   → Events API: 7 events found (1 credits)
   ✓ Completed (87405.0 credits remaining)
[31/95] 2024-03-21 (1 games)
   → Events API: 11 events found (1 credits)
   ✓ Completed (87384.0 credits remaining)
[32/95] 2024-03-23 (5 games)
   → Events API: 11 events found (1 credits)
   ✓ Completed (87373.0 credits remaining)
[33/95] 2024-03-24 (3 games)
   → Events API: 12 events found (1 credits)
   ✓ Completed (87322.0 credits remaining)
[34/95] 2024-03-28 (3 games)
   → Events API: 14 events found (1 credits)
   ✓ Completed (87291.0 credits remaining)
[35/95] 2024-03-29 (1 games)
   → Events API: 1 events found (1 credits)
   ✓ Completed (87260.0 credits remaining)
[36/95] 2024-03-30 (6 games)
   → Events API: 15 events found (1 credits)
   ✓ Completed (87249.0 credits remaining)
[37/95] 2024-04-02 (2 games)
   → Events API: 13 events found (1 credits)
   ✓ Completed (87198.0 credits remaining)
[38/95] 2024-04-03 (1 games)
   → Events API: 14 events found (1 credits)
   ✓ Completed (87177.0 credits remaining)
[39/95] 2024-04-04 (3 games)
   → Events API: 15 events found (1 credits)
   ✓ Completed (87166.0 credits remaining)
[40/95] 2024-04-05 (1 games)
   → Events API: 6 events found (1 credits)
   ✓ Completed (87135.0 credits remaining)
[41/95] 2024-04-06 (3 games)
   → Events API: 11 events found (1 credits)
   ✓ Completed (87124.0 credits remaining)
[42/95] 2024-04-07 (3 games)
   → Events API: 9 events found (1 credits)
   ✓ Completed (87093.0 credits remaining)
[43/95] 2024-04-09 (4 games)
   → Events API: 13 events found (1 credits)
   ✓ Completed (87062.0 credits remaining)
[44/95] 2024-04-10 (1 games)
   → Events API: 13 events found (1 credits)
   ✓ Completed (87021.0 credits remaining)
[45/95] 2024-04-11 (4 games)
   → Events API: 15 events found (1 credits)
   ✓ Completed (87010.0 credits remaining)
[46/95] 2024-04-13 (1 games)
   → Events API: 13 events found (1 credits)
   ✓ Completed (86979.0 credits remaining)
[47/95] 2024-04-14 (1 games)
   → Events API: 4 events found (1 credits)
   ✓ Completed (86968.0 credits remaining)
[48/95] 2024-04-15 (2 games)
   → Events API: 8 events found (1 credits)
   ✓ Completed (86957.0 credits remaining)
[49/95] 2024-04-16 (2 games)
   → Events API: 12 events found (1 credits)
   ✓ Completed (86936.0 credits remaining)
[50/95] 2024-04-17 (1 games)
   → Events API: 10 events found (1 credits)
   ✓ Completed (86915.0 credits remaining)
[51/95] 2024-10-04 (1 games)
   → Events API: 23 events found (1 credits)
   ✓ Completed (86904.0 credits remaining)
[52/95] 2024-10-08 (1 games)
   → Events API: 23 events found (1 credits)
   ✓ Completed (86893.0 credits remaining)
[53/95] 2024-10-09 (1 games)
   → Events API: 20 events found (1 credits)
   ✓ Completed (86882.0 credits remaining)
[54/95] 2024-10-10 (4 games)
   → Events API: 15 events found (1 credits)
   ✓ Completed (86871.0 credits remaining)
[55/95] 2024-10-12 (1 games)
   → Events API: 17 events found (1 credits)
   ✓ Completed (86850.0 credits remaining)
[56/95] 2024-10-14 (1 games)
   → Events API: 6 events found (1 credits)
   ✓ Completed (86839.0 credits remaining)
[57/95] 2024-10-15 (2 games)
   → Events API: 13 events found (1 credits)
   ✓ Completed (86828.0 credits remaining)
[58/95] 2024-10-16 (3 games)
   → Events API: 15 events found (1 credits)
   ✓ Completed (86817.0 credits remaining)
[59/95] 2024-10-17 (3 games)
   → Events API: 11 events found (1 credits)
   ✓ Completed (86796.0 credits remaining)
[60/95] 2024-10-19 (2 games)
   → Events API: 16 events found (1 credits)
   ✓ Completed (86765.0 credits remaining)
[61/95] 2024-10-22 (4 games)
   → Events API: 16 events found (1 credits)
   ✓ Completed (86744.0 credits remaining)
[62/95] 2024-10-24 (1 games)
   → Events API: 13 events found (1 credits)
   ✓ Completed (86713.0 credits remaining)
[63/95] 2024-10-26 (5 games)
   → Events API: 18 events found (1 credits)
   ✓ Completed (86702.0 credits remaining)
[64/95] 2024-10-27 (2 games)
   → Events API: 4 events found (1 credits)
   ✓ Completed (86651.0 credits remaining)
[65/95] 2024-10-28 (1 games)
   → Events API: 8 events found (1 credits)
   ✓ Completed (86630.0 credits remaining)
[66/95] 2024-10-29 (2 games)
   → Events API: 7 events found (1 credits)
   ✓ Completed (86619.0 credits remaining)
[67/95] 2024-10-30 (2 games)
   → Events API: 6 events found (1 credits)
   ✓ Completed (86598.0 credits remaining)
[68/95] 2024-10-31 (3 games)
   → Events API: 8 events found (1 credits)
   ✓ Completed (86577.0 credits remaining)
[69/95] 2024-11-01 (1 games)
   → Events API: 6 events found (1 credits)
   ✓ Completed (86556.0 credits remaining)
[70/95] 2024-11-02 (5 games)
   → Events API: 11 events found (1 credits)
   ✓ Completed (86545.0 credits remaining)
[71/95] 2024-11-03 (2 games)
   → Events API: 7 events found (1 credits)
   ✓ Completed (86494.0 credits remaining)
[72/95] 2024-11-05 (4 games)
   → Events API: 11 events found (1 credits)
   ✓ Completed (86473.0 credits remaining)
[73/95] 2024-11-06 (1 games)
   → Events API: 3 events found (1 credits)
   ✓ Completed (86432.0 credits remaining)
[74/95] 2024-11-07 (3 games)
   → Events API: 12 events found (1 credits)
   ✓ Completed (86421.0 credits remaining)
[75/95] 2024-11-08 (1 games)
   → Events API: 4 events found (1 credits)
   ✓ Completed (86390.0 credits remaining)
[76/95] 2024-11-09 (5 games)
   → Events API: 12 events found (1 credits)
   ✓ Completed (86379.0 credits remaining)
[77/95] 2024-11-11 (2 games)
   → Events API: 7 events found (1 credits)
   ✓ Completed (86348.0 credits remaining)
[78/95] 2024-11-12 (1 games)
   → Events API: 7 events found (1 credits)
   ✓ Completed (86327.0 credits remaining)
[79/95] 2024-11-13 (2 games)
   → Events API: 5 events found (1 credits)
   ✓ Completed (86316.0 credits remaining)
[80/95] 2024-11-14 (4 games)
   → Events API: 10 events found (1 credits)
   ✓ Completed (86305.0 credits remaining)
[81/95] 2024-11-15 (1 games)
   → Events API: 17 events found (1 credits)
   ✓ Completed (86284.0 credits remaining)
[82/95] 2024-11-16 (4 games)
   → Events API: 12 events found (1 credits)
   ✓ Completed (86273.0 credits remaining)
[83/95] 2024-11-17 (3 games)
   → Events API: 10 events found (1 credits)
   ✓ Completed (86242.0 credits remaining)
[84/95] 2024-11-18 (4 games)
   → Events API: 13 events found (1 credits)
   ✓ Completed (86221.0 credits remaining)
[85/95] 2024-11-19 (2 games)
   → Events API: 7 events found (1 credits)
   ✓ Completed (86190.0 credits remaining)
[86/95] 2024-11-20 (1 games)
   → Events API: 5 events found (1 credits)
   ✓ Completed (86179.0 credits remaining)
[87/95] 2024-11-21 (3 games)
   → Events API: 10 events found (1 credits)
   ✓ Completed (86168.0 credits remaining)
[88/95] 2024-11-23 (3 games)
   → Events API: 15 events found (1 credits)
   ✓ Completed (86147.0 credits remaining)
[89/95] 2024-11-25 (3 games)
   → Events API: 11 events found (1 credits)
   ✓ Completed (86116.0 credits remaining)
[90/95] 2024-11-26 (1 games)
   → Events API: 4 events found (1 credits)
   ✓ Completed (86095.0 credits remaining)
[91/95] 2024-11-27 (1 games)
   → Events API: 15 events found (1 credits)
   ✓ Completed (86084.0 credits remaining)
[92/95] 2024-11-29 (3 games)
   → Events API: 14 events found (1 credits)
   ✓ Completed (86073.0 credits remaining)
[93/95] 2024-11-30 (4 games)
   → Events API: 12 events found (1 credits)
   ✓ Completed (86042.0 credits remaining)
[94/95] 2024-12-03 (2 games)
   → Events API: 10 events found (1 credits)
   ✓ Completed (86001.0 credits remaining)
[95/95] 2024-12-04 (1 games)
   → Events API: 4 events found (1 credits)
   ✓ Completed (85980.0 credits remaining)

═══════════════════════════════════════════════════════════════════
✅ FETCH COMPLETE
═══════════════════════════════════════════════════════════════════

Dates processed:     95
Player-games found:  235
With odds:           216
Without odds:        19
Errors:              0
Credits used:        2,185

💾 Saved to: /Users/brentgoldman/Desktop/REPO33/RRMODEL/data/nhl/historical_odds_data_v2.json

📋 Summary saved to: /Users/brentgoldman/Desktop/REPO33/RRMODEL/data/nhl/historical_odds_summary.json

