[NBA Player Boxscores] Collecting 2024-2025 season...
[NBA Player Boxscores] Output: data/nba/player-boxscores-2024.json
[NBA Player Boxscores] Generated 1230 game IDs to check
[Progress] 50 games | 1062 player-games | 0 failed
[Progress] 100 games | 2202 player-games | 0 failed
[Progress] 150 games | 3294 player-games | 0 failed
[Progress] 200 games | 4394 player-games | 0 failed
[Progress] 250 games | 5452 player-games | 0 failed
[Progress] 300 games | 6536 player-games | 0 failed
[Progress] 350 games | 7586 player-games | 0 failed
[Progress] 400 games | 8665 player-games | 0 failed
[Progress] 450 games | 9721 player-games | 0 failed
[Progress] 500 games | 10783 player-games | 0 failed
[Progress] 550 games | 11853 player-games | 0 failed
[Progress] 600 games | 12937 player-games | 0 failed
[Progress] 650 games | 14019 player-games | 0 failed
[Progress] 700 games | 15092 player-games | 0 failed
[Progress] 750 games | 16148 player-games | 0 failed
[Progress] 800 games | 17215 player-games | 0 failed
[Progress] 850 games | 18294 player-games | 0 failed
[Progress] 900 games | 19346 player-games | 0 failed
[Progress] 950 games | 20381 player-games | 0 failed
[Progress] 1000 games | 21434 player-games | 0 failed
[Progress] 1050 games | 22493 player-games | 0 failed
[Progress] 1100 games | 23566 player-games | 0 failed
[Progress] 1150 games | 24640 player-games | 0 failed
[Progress] 1200 games | 25676 player-games | 0 failed

[NBA Player Boxscores] Collection complete!
  Games processed: 1230
  Player-games: 26306
  Unique players: 569

✅ Saved to: data/nba/player-boxscores-2024.json
📊 File size: 18.05 MB
