🏀 NBA Live Predictions Generator
==================================================

📊 Loading boxscores data...
   ✅ Loaded 26306 boxscore entries

🔍 Fetching today's NBA games...
   ✅ Found 20 upcoming games
   💰 Credits: 61393 used, 38607.0 remaining

   📋 Orlando Magic @ Charlotte Hornets...
      ✅ player_rebounds: 22 players
      ✅ player_assists: 16 players

   📋 Golden State Warriors @ Milwaukee Bucks...
      ✅ player_rebounds: 30 players
      ✅ player_assists: 16 players

   📋 Washington Wizards @ Oklahoma City Thunder...
      ✅ player_rebounds: 22 players
      ✅ player_assists: 18 players

   📋 Miami Heat @ San Antonio Spurs...
      ✅ player_rebounds: 28 players
      ✅ player_assists: 26 players

   📋 Atlanta Hawks @ Indiana Pacers...
      ⚠️  player_rebounds: no data
      ⚠️  player_assists: no data

   📋 Boston Celtics @ Philadelphia 76ers...
      ⚠️  player_rebounds: no data
      ⚠️  player_assists: no data

   📋 Toronto Raptors @ Cleveland Cavaliers...
      ⚠️  player_rebounds: no data
      ⚠️  player_assists: no data

   📋 New York Knicks @ Chicago Bulls...
      ⚠️  player_rebounds: no data
